Component: ARM Compiler 5.06 update 7 (build 960) Tool: armlink [4d3601]

==============================================================================

Section Cross References

    startup_stm32h750xx.o(STACK) refers (Special) to heapauxi.o(.text) for __use_two_region_memory
    startup_stm32h750xx.o(HEAP) refers (Special) to heapauxi.o(.text) for __use_two_region_memory
    startup_stm32h750xx.o(RESET) refers (Special) to heapauxi.o(.text) for __use_two_region_memory
    startup_stm32h750xx.o(RESET) refers to startup_stm32h750xx.o(STACK) for __initial_sp
    startup_stm32h750xx.o(RESET) refers to startup_stm32h750xx.o(.text) for Reset_Handler
    startup_stm32h750xx.o(RESET) refers to stm32h7xx_it.o(i.NMI_Handler) for NMI_Handler
    startup_stm32h750xx.o(RESET) refers to stm32h7xx_it.o(i.HardFault_Handler) for HardFault_Handler
    startup_stm32h750xx.o(RESET) refers to stm32h7xx_it.o(i.MemManage_Handler) for MemManage_Handler
    startup_stm32h750xx.o(RESET) refers to stm32h7xx_it.o(i.BusFault_Handler) for BusFault_Handler
    startup_stm32h750xx.o(RESET) refers to stm32h7xx_it.o(i.UsageFault_Handler) for UsageFault_Handler
    startup_stm32h750xx.o(RESET) refers to stm32h7xx_it.o(i.SVC_Handler) for SVC_Handler
    startup_stm32h750xx.o(RESET) refers to stm32h7xx_it.o(i.DebugMon_Handler) for DebugMon_Handler
    startup_stm32h750xx.o(RESET) refers to stm32h7xx_it.o(i.PendSV_Handler) for PendSV_Handler
    startup_stm32h750xx.o(RESET) refers to stm32h7xx_it.o(i.SysTick_Handler) for SysTick_Handler
    startup_stm32h750xx.o(RESET) refers to stm32h7xx_it.o(i.DMA1_Stream0_IRQHandler) for DMA1_Stream0_IRQHandler
    startup_stm32h750xx.o(RESET) refers to stm32h7xx_it.o(i.DMA1_Stream2_IRQHandler) for DMA1_Stream2_IRQHandler
    startup_stm32h750xx.o(RESET) refers to stm32h7xx_it.o(i.DMA1_Stream3_IRQHandler) for DMA1_Stream3_IRQHandler
    startup_stm32h750xx.o(RESET) refers to stm32h7xx_it.o(i.DMA1_Stream4_IRQHandler) for DMA1_Stream4_IRQHandler
    startup_stm32h750xx.o(RESET) refers to stm32h7xx_it.o(i.DMA1_Stream5_IRQHandler) for DMA1_Stream5_IRQHandler
    startup_stm32h750xx.o(RESET) refers to stm32h7xx_it.o(i.DMA1_Stream6_IRQHandler) for DMA1_Stream6_IRQHandler
    startup_stm32h750xx.o(RESET) refers to stm32h7xx_it.o(i.FDCAN1_IT0_IRQHandler) for FDCAN1_IT0_IRQHandler
    startup_stm32h750xx.o(RESET) refers to stm32h7xx_it.o(i.FDCAN2_IT0_IRQHandler) for FDCAN2_IT0_IRQHandler
    startup_stm32h750xx.o(RESET) refers to stm32h7xx_it.o(i.USART1_IRQHandler) for USART1_IRQHandler
    startup_stm32h750xx.o(RESET) refers to stm32h7xx_it.o(i.USART2_IRQHandler) for USART2_IRQHandler
    startup_stm32h750xx.o(RESET) refers to stm32h7xx_it.o(i.USART3_IRQHandler) for USART3_IRQHandler
    startup_stm32h750xx.o(RESET) refers to stm32h7xx_it.o(i.TIM8_TRG_COM_TIM14_IRQHandler) for TIM8_TRG_COM_TIM14_IRQHandler
    startup_stm32h750xx.o(RESET) refers to stm32h7xx_it.o(i.DMA1_Stream7_IRQHandler) for DMA1_Stream7_IRQHandler
    startup_stm32h750xx.o(RESET) refers to stm32h7xx_it.o(i.UART4_IRQHandler) for UART4_IRQHandler
    startup_stm32h750xx.o(RESET) refers to stm32h7xx_it.o(i.UART5_IRQHandler) for UART5_IRQHandler
    startup_stm32h750xx.o(RESET) refers to stm32h7xx_it.o(i.DMA2_Stream0_IRQHandler) for DMA2_Stream0_IRQHandler
    startup_stm32h750xx.o(RESET) refers to stm32h7xx_it.o(i.DMA2_Stream1_IRQHandler) for DMA2_Stream1_IRQHandler
    startup_stm32h750xx.o(RESET) refers to stm32h7xx_it.o(i.DMA2_Stream3_IRQHandler) for DMA2_Stream3_IRQHandler
    startup_stm32h750xx.o(RESET) refers to stm32h7xx_it.o(i.DMA2_Stream4_IRQHandler) for DMA2_Stream4_IRQHandler
    startup_stm32h750xx.o(RESET) refers to stm32h7xx_it.o(i.USART6_IRQHandler) for USART6_IRQHandler
    startup_stm32h750xx.o(.text) refers (Special) to heapauxi.o(.text) for __use_two_region_memory
    startup_stm32h750xx.o(.text) refers to system_stm32h7xx.o(i.SystemInit) for SystemInit
    startup_stm32h750xx.o(.text) refers to __main.o(!!!main) for __main
    startup_stm32h750xx.o(.text) refers to startup_stm32h750xx.o(HEAP) for Heap_Mem
    startup_stm32h750xx.o(.text) refers to startup_stm32h750xx.o(STACK) for Stack_Mem
    driver_can.o(i.CAN_Open) refers to stm32h7xx_hal_fdcan.o(i.HAL_FDCAN_ConfigFilter) for HAL_FDCAN_ConfigFilter
    driver_can.o(i.CAN_Open) refers to stm32h7xx_hal_fdcan.o(i.HAL_FDCAN_ActivateNotification) for HAL_FDCAN_ActivateNotification
    driver_can.o(i.CAN_Open) refers to stm32h7xx_hal_fdcan.o(i.HAL_FDCAN_Start) for HAL_FDCAN_Start
    driver_can.o(i.CAN_Send) refers to stm32h7xx_hal_fdcan.o(i.HAL_FDCAN_AddMessageToTxFifoQ) for HAL_FDCAN_AddMessageToTxFifoQ
    driver_can.o(i.CANx_Init) refers to driver_can.o(.data) for .data
    driver_can.o(i.HAL_FDCAN_RxFifo0Callback) refers to stm32h7xx_hal_fdcan.o(i.HAL_FDCAN_GetRxMessage) for HAL_FDCAN_GetRxMessage
    driver_can.o(i.HAL_FDCAN_RxFifo0Callback) refers to driver_can.o(.data) for .data
[...]
    i.__NVIC_SetPriority                     0x0800794e   Section        0  stm32h7xx_hal_cortex.o(i.__NVIC_SetPriority)
    __NVIC_SetPriority                       0x0800794f   Thumb Code    34  stm32h7xx_hal_cortex.o(i.__NVIC_SetPriority)
    i.main                                   0x08007970   Section        0  main.o(i.main)
    x$fpl$fpinit                             0x080079be   Section       10  fpinit.o(x$fpl$fpinit)
    $v0                                      0x080079be   Number         0  fpinit.o(x$fpl$fpinit)
    .constdata                               0x080079c8   Section       92  stm32h7xx_hal_fdcan.o(.constdata)
    DLCtoBytes                               0x080079c8   Data          16  stm32h7xx_hal_fdcan.o(.constdata)
    .constdata                               0x08007a24   Section        8  stm32h7xx_hal_dma.o(.constdata)
    flagBitshiftOffset                       0x08007a24   Data           8  stm32h7xx_hal_dma.o(.constdata)
    .constdata                               0x08007a2c   Section       24  stm32h7xx_hal_uart.o(.constdata)
    .constdata                               0x08007a44   Section       16  stm32h7xx_hal_uart_ex.o(.constdata)
    numerator                                0x08007a44   Data           8  stm32h7xx_hal_uart_ex.o(.constdata)
    denominator                              0x08007a4c   Data           8  stm32h7xx_hal_uart_ex.o(.constdata)
    .constdata                               0x08007a54   Section       16  system_stm32h7xx.o(.constdata)
    .data                                    0x24000000   Section       32  driver_can.o(.data)
    .data                                    0x24000020   Section       48  driver_usart.o(.data)
    .data                                    0x24000050   Section        4  control_logic.o(.data)
    .data                                    0x24000054   Section        8  dr16.o(.data)
    .data                                    0x2400005c   Section       88  motor.o(.data)
    .data                                    0x240000b4   Section        4  fdcan.o(.data)
    HAL_RCC_FDCAN_CLK_ENABLED                0x240000b4   Data           4  fdcan.o(.data)
    .data                                    0x240000b8   Section       12  stm32h7xx_hal.o(.data)
    .data                                    0x240000c4   Section        8  system_stm32h7xx.o(.data)
    .bss                                     0x240000cc   Section       20  driver_timer.o(.bss)
    .bss                                     0x240000e0   Section      236  hardware_config.o(.bss)
    .bss                                     0x240001cc   Section      164  dr16.o(.bss)
    .bss                                     0x24000270   Section      320  fdcan.o(.bss)
    .bss                                     0x240003b0   Section      152  i2c.o(.bss)
    .bss                                     0x24000448   Section      136  spi.o(.bss)
    .bss                                     0x240004d0   Section      228  tim.o(.bss)
    .bss                                     0x240005b4   Section     2184  usart.o(.bss)
    .bss                                     0x24000e3c   Section       96  libspace.o(.bss)
    HEAP                                     0x24000ea0   Section      512  startup_stm32h750xx.o(HEAP)
    Heap_Mem                                 0x24000ea0   Data         512  startup_stm32h750xx.o(HEAP)
    STACK                                    0x240010a0   Section     1024  startup_stm32h750xx.o(STACK)
    Stack_Mem                                0x240010a0   Data        1024  startup_stm32h750xx.o(STACK)
    __initial_sp                             0x240014a0   Data           0  startup_stm32h750xx.o(STACK)
    .ARM.__AT_0x24006000                     0x24006000   Section       18  dr16.o(.ARM.__AT_0x24006000)

    Global Symbols

    Symbol Name                              Value     Ov Type        Size  Object(Section)

    BuildAttributes$$THM_ISAv4$E$P$D$K$B$S$7EM$VFPv5_D16$PE$PLD8$A:L22UL41UL21$X:L11$S22US41US21$IEEE1$IW$USESV6$~STKCKD$USESV7$~SHL$OSPACE$ROPI$EBA8$UX$STANDARDLIB$REQ8$PRES8$EABIv2 0x00000000   Number         0  anon$$obj.o ABSOLUTE
    __ARM_use_no_argv                        0x00000000   Number         0  main.o ABSOLUTE
    __ARM_exceptions_init                     - Undefined Weak Reference
    __alloca_initialize                       - Undefined Weak Reference
    __arm_fini_                               - Undefined Weak Reference
    __arm_preinit_                            - Undefined Weak Reference
    __cpp_initialize__aeabi_                  - Undefined Weak Reference
    __cxa_finalize                            - Undefined Weak Reference
    __rt_locale                               - Undefined Weak Reference
    __sigvec_lookup                           - Undefined Weak Reference
    _atexit_init                              - Undefined Weak Reference
    _call_atexit_fns                          - Undefined Weak Reference
    _clock_init                               - Undefined Weak Reference
    _fp_trap_init                             - Undefined Weak Reference
    _fp_trap_shutdown                         - Undefined Weak Reference
    _get_lc_collate                           - Undefined Weak Reference
    _get_lc_ctype                             - Undefined Weak Reference
    _get_lc_monetary                          - Undefined Weak Reference
    _get_lc_numeric                           - Undefined Weak Reference
    _get_lc_time                              - Undefined Weak Reference
    _getenv_init                              - Undefined Weak Reference
    _handle_redirection                       - Undefined Weak Reference
    _init_alloc                               - Undefined Weak Reference
    _init_user_alloc                          - Undefined Weak Reference
    _initio                                   - Undefined Weak Reference
    _rand_init                                - Undefined Weak Reference
    _signal_finish                            - Undefined Weak Reference
    _signal_init                              - Undefined Weak Reference
    _terminate_alloc                          - Undefined Weak Reference
    _terminate_user_alloc                     - Undefined Weak Reference
    _terminateio                              - Undefined Weak Reference
    __Vectors_Size                           0x00000298   Number         0  startup_stm32h750xx.o ABSOLUTE
    __Vectors                                0x08000000   Data           4  startup_stm32h750xx.o(RESET)
    __Vectors_End                            0x08000298   Data           0  startup_stm32h750xx.o(RESET)
    __main                                   0x08000299   Thumb Code     8  __main.o(!!!main)
    __scatterload                            0x080002a1   Thumb Code     0  __scatter.o(!!!scatter)
    __scatterload_rt2                        0x080002a1   Thumb Code    44  __scatter.o(!!!scatter)
    __scatterload_rt2_thumb_only             0x080002a1   Thumb Code     0  __scatter.o(!!!scatter)
    __scatterload_null                       0x080002af   Thumb Code     0  __scatter.o(!!!scatter)
    __scatterload_copy                       0x080002d5   Thumb Code    26  __scatter_copy.o(!!handler_copy)
    __scatterload_zeroinit                   0x080002f1   Thumb Code    28  __scatter_zi.o(!!handler_zi)
    __rt_lib_init                            0x0800030d   Thumb Code     0  libinit.o(.ARM.Collect$$libinit$$00000000)
    __rt_lib_init_fp_1                       0x0800030f   Thumb Code     0  libinit2.o(.ARM.Collect$$libinit$$00000001)
    __rt_lib_init_alloca_1                   0x08000313   Thumb Code     0  libinit2.o(.ARM.Collect$$libinit$$0000002E)
    __rt_lib_init_argv_1                     0x08000313   Thumb Code     0  libinit2.o(.ARM.Collect$$libinit$$0000002C)
    __rt_lib_init_atexit_1                   0x08000313   Thumb Code     0  libinit2.o(.ARM.Collect$$libinit$$0000001B)
    __rt_lib_init_clock_1                    0x08000313   Thumb Code     0  libinit2.o(.ARM.Collect$$libinit$$00000021)
    __rt_lib_init_cpp_1                      0x08000313   Thumb Code     0  libinit2.o(.ARM.Collect$$libinit$$00000032)
    __rt_lib_init_exceptions_1               0x08000313   Thumb Code     0  libinit2.o(.ARM.Collect$$libinit$$00000030)
    __rt_lib_init_fp_trap_1                  0x08000313   Thumb Code     0  libinit2.o(.ARM.Collect$$libinit$$0000001F)
    __rt_lib_init_getenv_1                   0x08000313   Thumb Code     0  libinit2.o(.ARM.Collect$$libinit$$00000023)
    __rt_lib_init_heap_1                     0x08000313   Thumb Code     0  libinit2.o(.ARM.Collect$$libinit$$0000000A)
    __rt_lib_init_lc_collate_1               0x08000313   Thumb Code     0  libinit2.o(.ARM.Collect$$libinit$$00000011)
    __rt_lib_init_lc_ctype_1                 0x08000313   Thumb Code     0  libinit2.o(.ARM.Collect$$libinit$$00000013)
    __rt_lib_init_lc_monetary_1              0x08000313   Thumb Code     0  libinit2.o(.ARM.Collect$$libinit$$00000015)
    __rt_lib_init_lc_numeric_1               0x08000313   Thumb Code     0  libinit2.o(.ARM.Collect$$libinit$$00000017)
    __rt_lib_init_lc_time_1                  0x08000313   Thumb Code     0  libinit2.o(.ARM.Collect$$libinit$$00000019)
    __rt_lib_init_preinit_1                  0x08000313   Thumb Code     0  libinit2.o(.ARM.Collect$$libinit$$00000004)
    __rt_lib_init_rand_1                     0x08000313   Thumb Code     0  libinit2.o(.ARM.Collect$$libinit$$0000000E)
    __rt_lib_init_return                     0x08000313   Thumb Code     0  libinit2.o(.ARM.Collect$$libinit$$00000033)
    __rt_lib_init_signal_1                   0x08000313   Thumb Code     0  libinit2.o(.ARM.Collect$$libinit$$0000001D)
    __rt_lib_init_stdio_1                    0x08000313   Thumb Code     0  libinit2.o(.ARM.Collect$$libinit$$00000025)
    __rt_lib_init_user_alloc_1               0x08000313   Thumb Code     0  libinit2.o(.ARM.Collect$$libinit$$0000000C)
    __rt_lib_shutdown                        0x08000315   Thumb Code     0  libshutdown.o(.ARM.Collect$$libshutdown$$00000000)
    __rt_lib_shutdown_cpp_1                  0x08000317   Thumb Code     0  libshutdown2.o(.ARM.Collect$$libshutdown$$00000004)
    __rt_lib_shutdown_fini_1                 0x08000317   Thumb Code     0  libshutdown2.o(.ARM.Collect$$libshutdown$$00000002)
    __rt_lib_shutdown_fp_trap_1              0x08000317   Thumb Code     0  libshutdown2.o(.ARM.Collect$$libshutdown$$00000009)
    __rt_lib_shutdown_heap_1                 0x08000317   Thumb Code     0  libshutdown2.o(.ARM.Collect$$libshutdown$$00000011)
    __rt_lib_shutdown_return                 0x08000317   Thumb Code     0  libshutdown2.o(.ARM.Collect$$libshutdown$$00000012)
    __rt_lib_shutdown_signal_1               0x08000317   Thumb Code     0  libshutdown2.o(.ARM.Collect$$libshutdown$$0000000C)
    __rt_lib_shutdown_stdio_1                0x08000317   Thumb Code     0  libshutdown2.o(.ARM.Collect$$libshutdown$$00000006)
    __rt_lib_shutdown_user_alloc_1           0x08000317   Thumb Code     0  libshutdown2.o(.ARM.Collect$$libshutdown$$0000000E)
    __rt_entry                               0x08000319   Thumb Code     0  __rtentry.o(.ARM.Collect$$rtentry$$00000000)
    __rt_entry_presh_1                       0x08000319   Thumb Code     0  __rtentry2.o(.ARM.Collect$$rtentry$$00000002)
    __rt_entry_sh                            0x08000319   Thumb Code     0  __rtentry4.o(.ARM.Collect$$rtentry$$00000004)
    __rt_entry_li                            0x0800031f   Thumb Code     0  __rtentry2.o(.ARM.Collect$$rtentry$$0000000A)
    __rt_entry_postsh_1                      0x0800031f   Thumb Code     0  __rtentry2.o(.ARM.Collect$$rtentry$$00000009)
    __rt_entry_main                          0x08000323   Thumb Code     0  __rtentry2.o(.ARM.Collect$$rtentry$$0000000D)
    __rt_entry_postli_1                      0x08000323   Thumb Code     0  __rtentry2.o(.ARM.Collect$$rtentry$$0000000C)
    __rt_exit                                0x0800032b   Thumb Code     0  rtexit.o(.ARM.Collect$$rtexit$$00000000)
    __rt_exit_ls                             0x0800032d   Thumb Code     0  rtexit2.o(.ARM.Collect$$rtexit$$00000003)
    __rt_exit_prels_1                        0x0800032d   Thumb Code     0  rtexit2.o(.ARM.Collect$$rtexit$$00000002)
    __rt_exit_exit                           0x08000331   Thumb Code     0  rtexit2.o(.ARM.Collect$$rtexit$$00000004)
    Reset_Handler                            0x08000339   Thumb Code     8  startup_stm32h750xx.o(.text)
    ADC3_IRQHandler                          0x08000353   Thumb Code     0  startup_stm32h750xx.o(.text)
    ADC_IRQHandler                           0x08000353   Thumb Code     0  startup_stm32h750xx.o(.text)
    BDMA_Channel0_IRQHandler                 0x08000353   Thumb Code     0  startup_stm32h750xx.o(.text)
    BDMA_Channel1_IRQHandler                 0x08000353   Thumb Code     0  startup_stm32h750xx.o(.text)
    BDMA_Channel2_IRQHandler                 0x08000353   Thumb Code     0  startup_stm32h750xx.o(.text)
    BDMA_Channel3_IRQHandler                 0x08000353   Thumb Code     0  startup_stm32h750xx.o(.text)
    BDMA_Channel4_IRQHandler                 0x08000353   Thumb Code     0  startup_stm32h750xx.o(.text)
    BDMA_Channel5_IRQHandler                 0x08000353   Thumb Code     0  startup_stm32h750xx.o(.text)
    BDMA_Channel6_IRQHandler                 0x08000353   Thumb Code     0  startup_stm32h750xx.o(.text)
    BDMA_Channel7_IRQHandler                 0x08000353   Thumb Code     0  startup_stm32h750xx.o(.text)
    CEC_IRQHandler                           0x08000353   Thumb Code     0  startup_stm32h750xx.o(.text)
    COMP1_IRQHandler                         0x08000353   Thumb Code     0  startup_stm32h750xx.o(.text)
    CRS_IRQHandler                           0x08000353   Thumb Code     0  startup_stm32h750xx.o(.text)
    CRYP_IRQHandler                          0x08000353   Thumb Code     0  startup_stm32h750xx.o(.text)
    DCMI_IRQHandler                          0x08000353   Thumb Code     0  startup_stm32h750xx.o(.text)
    DFSDM1_FLT0_IRQHandler                   0x08000353   Thumb Code     0  startup_stm32h750xx.o(.text)
    DFSDM1_FLT1_IRQHandler                   0x08000353   Thumb Code     0  startup_stm32h750xx.o(.text)
    DFSDM1_FLT2_IRQHandler                   0x08000353   Thumb Code     0  startup_stm32h750xx.o(.text)
    DFSDM1_FLT3_IRQHandler                   0x08000353   Thumb Code     0  startup_stm32h750xx.o(.text)
    DMA1_Stream1_IRQHandler                  0x08000353   Thumb Code     0  startup_stm32h750xx.o(.text)
    DMA2D_IRQHandler                         0x08000353   Thumb Code     0  startup_stm32h750xx.o(.text)
    DMA2_Stream2_IRQHandler                  0x08000353   Thumb Code     0  startup_stm32h750xx.o(.text)
    DMA2_Stream5_IRQHandler                  0x08000353   Thumb Code     0  startup_stm32h750xx.o(.text)
    DMA2_Stream6_IRQHandler                  0x08000353   Thumb Code     0  startup_stm32h750xx.o(.text)
    DMA2_Stream7_IRQHandler                  0x08000353   Thumb Code     0  startup_stm32h750xx.o(.text)
    DMAMUX1_OVR_IRQHandler                   0x08000353   Thumb Code     0  startup_stm32h750xx.o(.text)
    DMAMUX2_OVR_IRQHandler                   0x08000353   Thumb Code     0  startup_stm32h750xx.o(.text)
    ECC_IRQHandler                           0x08000353   Thumb Code     0  startup_stm32h750xx.o(.text)
    ETH_IRQHandler                           0x08000353   Thumb Code     0  startup_stm32h750xx.o(.text)
    ETH_WKUP_IRQHandler                      0x08000353   Thumb Code     0  startup_stm32h750xx.o(.text)
    EXTI0_IRQHandler                         0x08000353   Thumb Code     0  startup_stm32h750xx.o(.text)
    EXTI15_10_IRQHandler                     0x08000353   Thumb Code     0  startup_stm32h750xx.o(.text)
    EXTI1_IRQHandler                         0x08000353   Thumb Code     0  startup_stm32h750xx.o(.text)
    EXTI2_IRQHandler                         0x08000353   Thumb Code     0  startup_stm32h750xx.o(.text)
    EXTI3_IRQHandler                         0x08000353   Thumb Code     0  startup_stm32h750xx.o(.text)
    EXTI4_IRQHandler                         0x08000353   Thumb Code     0  startup_stm32h750xx.o(.text)
    EXTI9_5_IRQHandler                       0x08000353   Thumb Code     0  startup_stm32h750xx.o(.text)
    FDCAN1_IT1_IRQHandler                    0x08000353   Thumb Code     0  startup_stm32h750xx.o(.text)
    FDCAN2_IT1_IRQHandler                    0x08000353   Thumb Code     0  startup_stm32h750xx.o(.text)
    FDCAN_CAL_IRQHandler                     0x08000353   Thumb Code     0  startup_stm32h750xx.o(.text)
    FLASH_IRQHandler                         0x08000353   Thumb Code     0  startup_stm32h750xx.o(.text)
    FMC_IRQHandler                           0x08000353   Thumb Code     0  startup_stm32h750xx.o(.text)
    FPU_IRQHandler                           0x08000353   Thumb Code     0  startup_stm32h750xx.o(.text)
    HASH_RNG_IRQHandler                      0x08000353   Thumb Code     0  startup_stm32h750xx.o(.text)
    HRTIM1_FLT_IRQHandler                    0x08000353   Thumb Code     0  startup_stm32h750xx.o(.text)
    HRTIM1_Master_IRQHandler                 0x08000353   Thumb Code     0  startup_stm32h750xx.o(.text)
    HRTIM1_TIMA_IRQHandler                   0x08000353   Thumb Code     0  startup_stm32h750xx.o(.text)
    HRTIM1_TIMB_IRQHandler                   0x08000353   Thumb Code     0  startup_stm32h750xx.o(.text)
    HRTIM1_TIMC_IRQHandler                   0x08000353   Thumb Code     0  startup_stm32h750xx.o(.text)
    HRTIM1_TIMD_IRQHandler                   0x08000353   Thumb Code     0  startup_stm32h750xx.o(.text)
    HRTIM1_TIME_IRQHandler                   0x08000353   Thumb Code     0  startup_stm32h750xx.o(.text)
    HSEM1_IRQHandler                         0x08000353   Thumb Code     0  startup_stm32h750xx.o(.text)
    I2C1_ER_IRQHandler                       0x08000353   Thumb Code     0  startup_stm32h750xx.o(.text)
    I2C1_EV_IRQHandler                       0x08000353   Thumb Code     0  startup_stm32h750xx.o(.text)
    I2C2_ER_IRQHandler                       0x08000353   Thumb Code     0  startup_stm32h750xx.o(.text)
    I2C2_EV_IRQHandler                       0x08000353   Thumb Code     0  startup_stm32h750xx.o(.text)
    I2C3_ER_IRQHandler                       0x08000353   Thumb Code     0  startup_stm32h750xx.o(.text)
    I2C3_EV_IRQHandler                       0x08000353   Thumb Code     0  startup_stm32h750xx.o(.text)
    I2C4_ER_IRQHandler                       0x08000353   Thumb Code     0  startup_stm32h750xx.o(.text)
    I2C4_EV_IRQHandler                       0x08000353   Thumb Code     0  startup_stm32h750xx.o(.text)
    JPEG_IRQHandler                          0x08000353   Thumb Code     0  startup_stm32h750xx.o(.text)
    LPTIM1_IRQHandler                        0x08000353   Thumb Code     0  startup_stm32h750xx.o(.text)
    LPTIM2_IRQHandler                        0x08000353   Thumb Code     0  startup_stm32h750xx.o(.text)
    LPTIM3_IRQHandler                        0x08000353   Thumb Code     0  startup_stm32h750xx.o(.text)
    LPTIM4_IRQHandler                        0x08000353   Thumb Code     0  startup_stm32h750xx.o(.text)
    LPTIM5_IRQHandler                        0x08000353   Thumb Code     0  startup_stm32h750xx.o(.text)
    LPUART1_IRQHandler                       0x08000353   Thumb Code     0  startup_stm32h750xx.o(.text)
    LTDC_ER_IRQHandler                       0x08000353   Thumb Code     0  startup_stm32h750xx.o(.text)
    LTDC_IRQHandler                          0x08000353   Thumb Code     0  startup_stm32h750xx.o(.text)
    MDIOS_IRQHandler                         0x08000353   Thumb Code     0  startup_stm32h750xx.o(.text)
    MDIOS_WKUP_IRQHandler                    0x08000353   Thumb Code     0  startup_stm32h750xx.o(.text)
    MDMA_IRQHandler                          0x08000353   Thumb Code     0  startup_stm32h750xx.o(.text)
    OTG_FS_EP1_IN_IRQHandler                 0x08000353   Thumb Code     0  startup_stm32h750xx.o(.text)
    OTG_FS_EP1_OUT_IRQHandler                0x08000353   Thumb Code     0  startup_stm32h750xx.o(.text)
    OTG_FS_IRQHandler                        0x08000353   Thumb Code     0  startup_stm32h750xx.o(.text)
    OTG_FS_WKUP_IRQHandler                   0x08000353   Thumb Code     0  startup_stm32h750xx.o(.text)
    OTG_HS_EP1_IN_IRQHandler                 0x08000353   Thumb Code     0  startup_stm32h750xx.o(.text)
    OTG_HS_EP1_OUT_IRQHandler                0x08000353   Thumb Code     0  startup_stm32h750xx.o(.text)
    OTG_HS_IRQHandler                        0x08000353   Thumb Code     0  startup_stm32h750xx.o(.text)
    OTG_HS_WKUP_IRQHandler                   0x08000353   Thumb Code     0  startup_stm32h750xx.o(.text)
    PVD_AVD_IRQHandler                       0x08000353   Thumb Code     0  startup_stm32h750xx.o(.text)
    QUADSPI_IRQHandler                       0x08000353   Thumb Code     0  startup_stm32h750xx.o(.text)
    RCC_IRQHandler                           0x08000353   Thumb Code     0  startup_stm32h750xx.o(.text)
    RTC_Alarm_IRQHandler                     0x08000353   Thumb Code     0  startup_stm32h750xx.o(.text)
    RTC_WKUP_IRQHandler                      0x08000353   Thumb Code     0  startup_stm32h750xx.o(.text)
    SAI1_IRQHandler                          0x08000353   Thumb Code     0  startup_stm32h750xx.o(.text)
    SAI2_IRQHandler                          0x08000353   Thumb Code     0  startup_stm32h750xx.o(.text)
    SAI3_IRQHandler                          0x08000353   Thumb Code     0  startup_stm32h750xx.o(.text)
    SAI4_IRQHandler                          0x08000353   Thumb Code     0  startup_stm32h750xx.o(.text)
    SDMMC1_IRQHandler                        0x08000353   Thumb Code     0  startup_stm32h750xx.o(.text)
    SDMMC2_IRQHandler                        0x08000353   Thumb Code     0  startup_stm32h750xx.o(.text)
    SPDIF_RX_IRQHandler                      0x08000353   Thumb Code     0  startup_stm32h750xx.o(.text)
    SPI1_IRQHandler                          0x08000353   Thumb Code     0  startup_stm32h750xx.o(.text)
    SPI2_IRQHandler                          0x08000353   Thumb Code     0  startup_stm32h750xx.o(.text)
    SPI3_IRQHandler                          0x08000353   Thumb Code     0  startup_stm32h750xx.o(.text)
    SPI4_IRQHandler                          0x08000353   Thumb Code     0  startup_stm32h750xx.o(.text)
    SPI5_IRQHandler                          0x08000353   Thumb Code     0  startup_stm32h750xx.o(.text)
    SPI6_IRQHandler                          0x08000353   Thumb Code     0  startup_stm32h750xx.o(.text)
    SWPMI1_IRQHandler                        0x08000353   Thumb Code     0  startup_stm32h750xx.o(.text)
    TAMP_STAMP_IRQHandler                    0x08000353   Thumb Code     0  startup_stm32h750xx.o(.text)
    TIM15_IRQHandler                         0x08000353   Thumb Code     0  startup_stm32h750xx.o(.text)
    TIM16_IRQHandler                         0x08000353   Thumb Code     0  startup_stm32h750xx.o(.text)
    TIM17_IRQHandler                         0x08000353   Thumb Code     0  startup_stm32h750xx.o(.text)
    TIM1_BRK_IRQHandler                      0x08000353   Thumb Code     0  startup_stm32h750xx.o(.text)
    TIM1_CC_IRQHandler                       0x08000353   Thumb Code     0  startup_stm32h750xx.o(.text)
    TIM1_TRG_COM_IRQHandler                  0x08000353   Thumb Code     0  startup_stm32h750xx.o(.text)
    TIM1_UP_IRQHandler                       0x08000353   Thumb Code     0  startup_stm32h750xx.o(.text)
    TIM2_IRQHandler                          0x08000353   Thumb Code     0  startup_stm32h750xx.o(.text)
    TIM3_IRQHandler                          0x08000353   Thumb Code     0  startup_stm32h750xx.o(.text)
    TIM4_IRQHandler                          0x08000353   Thumb Code     0  startup_stm32h750xx.o(.text)
    TIM5_IRQHandler                          0x08000353   Thumb Code     0  startup_stm32h750xx.o(.text)
    TIM6_DAC_IRQHandler                      0x08000353   Thumb Code     0  startup_stm32h750xx.o(.text)
    TIM7_IRQHandler                          0x08000353   Thumb Code     0  startup_stm32h750xx.o(.text)
    TIM8_BRK_TIM12_IRQHandler                0x08000353   Thumb Code     0  startup_stm32h750xx.o(.text)
    TIM8_CC_IRQHandler                       0x08000353   Thumb Code     0  startup_stm32h750xx.o(.text)
    TIM8_UP_TIM13_IRQHandler                 0x08000353   Thumb Code     0  startup_stm32h750xx.o(.text)
    UART7_IRQHandler                         0x08000353   Thumb Code     0  startup_stm32h750xx.o(.text)
    UART8_IRQHandler                         0x08000353   Thumb Code     0  startup_stm32h750xx.o(.text)
    WAKEUP_PIN_IRQHandler                    0x08000353   Thumb Code     0  startup_stm32h750xx.o(.text)
    WWDG_IRQHandler                          0x08000353   Thumb Code     0  startup_stm32h750xx.o(.text)
    __user_initial_stackheap                 0x08000355   Thumb Code     0  startup_stm32h750xx.o(.text)
    __aeabi_uldivmod                         0x08000379   Thumb Code     0  lludivv7m.o(.text)
    _ll_udiv                                 0x08000379   Thumb Code   238  lludivv7m.o(.text)
    __aeabi_memcpy4                          0x08000467   Thumb Code     0  rt_memcpy_w.o(.text)
    __aeabi_memcpy8                          0x08000467   Thumb Code     0  rt_memcpy_w.o(.text)
    __rt_memcpy_w                            0x08000467   Thumb Code   100  rt_memcpy_w.o(.text)
    _memcpy_lastbytes_aligned                0x080004af   Thumb Code     0  rt_memcpy_w.o(.text)
    __aeabi_memclr4                          0x080004cb   Thumb Code     0  rt_memclr_w.o(.text)
    __aeabi_memclr8                          0x080004cb   Thumb Code     0  rt_memclr_w.o(.text)
    __rt_memclr_w                            0x080004cb   Thumb Code    78  rt_memclr_w.o(.text)
    _memset_w                                0x080004cf   Thumb Code     0  rt_memclr_w.o(.text)
    __use_two_region_memory                  0x08000519   Thumb Code     2  heapauxi.o(.text)
    __rt_heap_escrow$2region                 0x0800051b   Thumb Code     2  heapauxi.o(.text)
    __rt_heap_expand$2region                 0x0800051d   Thumb Code     2  heapauxi.o(.text)
    __user_setup_stackheap                   0x0800051f   Thumb Code    74  sys_stackheap_outer.o(.text)
    exit                                     0x08000569   Thumb Code    18  exit.o(.text)
    __user_libspace                          0x0800057d   Thumb Code     8  libspace.o(.text)
    __user_perproc_libspace                  0x0800057d   Thumb Code     0  libspace.o(.text)
    __user_perthread_libspace                0x0800057d   Thumb Code     0  libspace.o(.text)
    _sys_exit                                0x08000585   Thumb Code     8  sys_exit.o(.text)
    __I$use$semihosting                      0x08000591   Thumb Code     0  use_no_semi.o(.text)
    __use_no_semihosting_swi                 0x08000591   Thumb Code     2  use_no_semi.o(.text)
    BusFault_Handler                         0x08000593   Thumb Code     2  stm32h7xx_it.o(i.BusFault_Handler)
    __semihosting_library_function           0x08000593   Thumb Code     0  indicate_semi.o(.text)
    CAN2_rxCallBack                          0x08000595   Thumb Code    28  control_logic.o(i.CAN2_rxCallBack)
    CAN_Open                                 0x080005b5   Thumb Code    52  driver_can.o(i.CAN_Open)
    CAN_Send                                 0x080005f7   Thumb Code    52  driver_can.o(i.CAN_Send)
    CANx_Init                                0x0800075d   Thumb Code    32  driver_can.o(i.CANx_Init)
    DMA1_Stream0_IRQHandler                  0x08000789   Thumb Code     6  stm32h7xx_it.o(i.DMA1_Stream0_IRQHandler)
    DMA1_Stream2_IRQHandler                  0x08000795   Thumb Code     6  stm32h7xx_it.o(i.DMA1_Stream2_IRQHandler)
    DMA1_Stream3_IRQHandler                  0x080007a1   Thumb Code     6  stm32h7xx_it.o(i.DMA1_Stream3_IRQHandler)
    DMA1_Stream4_IRQHandler                  0x080007ad   Thumb Code     6  stm32h7xx_it.o(i.DMA1_Stream4_IRQHandler)
    DMA1_Stream5_IRQHandler                  0x080007b9   Thumb Code     6  stm32h7xx_it.o(i.DMA1_Stream5_IRQHandler)
    DMA1_Stream6_IRQHandler                  0x080007c5   Thumb Code     6  stm32h7xx_it.o(i.DMA1_Stream6_IRQHandler)
    DMA1_Stream7_IRQHandler                  0x080007d1   Thumb Code     6  stm32h7xx_it.o(i.DMA1_Stream7_IRQHandler)
    DMA2_Stream0_IRQHandler                  0x080007dd   Thumb Code     6  stm32h7xx_it.o(i.DMA2_Stream0_IRQHandler)
    DMA2_Stream1_IRQHandler                  0x080007e9   Thumb Code     6  stm32h7xx_it.o(i.DMA2_Stream1_IRQHandler)
    DMA2_Stream3_IRQHandler                  0x080007f5   Thumb Code     6  stm32h7xx_it.o(i.DMA2_Stream3_IRQHandler)
    DMA2_Stream4_IRQHandler                  0x08000801   Thumb Code     6  stm32h7xx_it.o(i.DMA2_Stream4_IRQHandler)
    DR16Init                                 0x08000c45   Thumb Code    96  dr16.o(i.DR16Init)
    DR16_DataUnpack                          0x08000ca9   Thumb Code   288  dr16.o(i.DR16_DataUnpack)
    DR16_callback                            0x08000dc9   Thumb Code    16  dr16.o(i.DR16_callback)
    DebugMon_Handler                         0x08000ddd   Thumb Code     2  stm32h7xx_it.o(i.DebugMon_Handler)
    Error_Handler                            0x08000ddf   Thumb Code     4  main.o(i.Error_Handler)
    FDCAN1_IT0_IRQHandler                    0x08000de5   Thumb Code     6  stm32h7xx_it.o(i.FDCAN1_IT0_IRQHandler)
    FDCAN2_IT0_IRQHandler                    0x08000df1   Thumb Code     6  stm32h7xx_it.o(i.FDCAN2_IT0_IRQHandler)
    HAL_DMA_Abort                            0x08001045   Thumb Code   836  stm32h7xx_hal_dma.o(i.HAL_DMA_Abort)
    HAL_DMA_Abort_IT                         0x080013a5   Thumb Code   602  stm32h7xx_hal_dma.o(i.HAL_DMA_Abort_IT)
    HAL_DMA_GetError                         0x08001629   Thumb Code     4  stm32h7xx_hal_dma.o(i.HAL_DMA_GetError)
    HAL_DMA_IRQHandler                       0x0800162d   Thumb Code  1756  stm32h7xx_hal_dma.o(i.HAL_DMA_IRQHandler)
    HAL_DMA_Init                             0x08001d15   Thumb Code   926  stm32h7xx_hal_dma.o(i.HAL_DMA_Init)
    HAL_DMA_Start_IT                         0x080020d9   Thumb Code   628  stm32h7xx_hal_dma.o(i.HAL_DMA_Start_IT)
    HAL_FDCAN_ActivateNotification           0x08002375   Thumb Code   126  stm32h7xx_hal_fdcan.o(i.HAL_FDCAN_ActivateNotification)
    HAL_FDCAN_AddMessageToTxFifoQ            0x080023fd   Thumb Code   102  stm32h7xx_hal_fdcan.o(i.HAL_FDCAN_AddMessageToTxFifoQ)
    HAL_FDCAN_ClockCalibrationCallback       0x08002463   Thumb Code     2  stm32h7xx_hal_fdcan.o(i.HAL_FDCAN_ClockCalibrationCallback)
    HAL_FDCAN_ConfigFilter                   0x08002465   Thumb Code   126  stm32h7xx_hal_fdcan.o(i.HAL_FDCAN_ConfigFilter)
    HAL_FDCAN_ErrorCallback                  0x080024e3   Thumb Code     2  stm32h7xx_hal_fdcan.o(i.HAL_FDCAN_ErrorCallback)
    HAL_FDCAN_ErrorStatusCallback            0x080024e5   Thumb Code     2  stm32h7xx_hal_fdcan.o(i.HAL_FDCAN_ErrorStatusCallback)
    HAL_FDCAN_GetRxMessage                   0x080024e9   Thumb Code   400  stm32h7xx_hal_fdcan.o(i.HAL_FDCAN_GetRxMessage)
    HAL_FDCAN_HighPriorityMessageCallback    0x0800267d   Thumb Code     2  stm32h7xx_hal_fdcan.o(i.HAL_FDCAN_HighPriorityMessageCallback)
    HAL_FDCAN_IRQHandler                     0x08002681   Thumb Code   780  stm32h7xx_hal_fdcan.o(i.HAL_FDCAN_IRQHandler)
    HAL_FDCAN_Init                           0x08002999   Thumb Code   572  stm32h7xx_hal_fdcan.o(i.HAL_FDCAN_Init)
    HAL_FDCAN_MspInit                        0x08002bdd   Thumb Code   258  fdcan.o(i.HAL_FDCAN_MspInit)
    HAL_FDCAN_RxBufferNewMessageCallback     0x08002cf9   Thumb Code     2  stm32h7xx_hal_fdcan.o(i.HAL_FDCAN_RxBufferNewMessageCallback)
    HAL_FDCAN_RxFifo0Callback                0x08002cfd   Thumb Code    78  driver_can.o(i.HAL_FDCAN_RxFifo0Callback)
    HAL_FDCAN_RxFifo1Callback                0x08002d59   Thumb Code     2  stm32h7xx_hal_fdcan.o(i.HAL_FDCAN_RxFifo1Callback)
    HAL_FDCAN_Start                          0x08002d5b   Thumb Code    50  stm32h7xx_hal_fdcan.o(i.HAL_FDCAN_Start)
    HAL_FDCAN_TT_GlobalTimeCallback          0x08002d8d   Thumb Code     2  stm32h7xx_hal_fdcan.o(i.HAL_FDCAN_TT_GlobalTimeCallback)
    HAL_FDCAN_TT_ScheduleSyncCallback        0x08002d8f   Thumb Code     2  stm32h7xx_hal_fdcan.o(i.HAL_FDCAN_TT_ScheduleSyncCallback)
    HAL_FDCAN_TT_StopWatchCallback           0x08002d91   Thumb Code     2  stm32h7xx_hal_fdcan.o(i.HAL_FDCAN_TT_StopWatchCallback)
    HAL_FDCAN_TT_TimeMarkCallback            0x08002d93   Thumb Code     2  stm32h7xx_hal_fdcan.o(i.HAL_FDCAN_TT_TimeMarkCallback)
    HAL_FDCAN_TimeoutOccurredCallback        0x08002d95   Thumb Code     2  stm32h7xx_hal_fdcan.o(i.HAL_FDCAN_TimeoutOccurredCallback)
    HAL_FDCAN_TimestampWraparoundCallback    0x08002d97   Thumb Code     2  stm32h7xx_hal_fdcan.o(i.HAL_FDCAN_TimestampWraparoundCallback)
    HAL_FDCAN_TxBufferAbortCallback          0x08002d99   Thumb Code     2  stm32h7xx_hal_fdcan.o(i.HAL_FDCAN_TxBufferAbortCallback)
    HAL_FDCAN_TxBufferCompleteCallback       0x08002d9b   Thumb Code     2  stm32h7xx_hal_fdcan.o(i.HAL_FDCAN_TxBufferCompleteCallback)
    HAL_FDCAN_TxEventFifoCallback            0x08002d9d   Thumb Code     2  stm32h7xx_hal_fdcan.o(i.HAL_FDCAN_TxEventFifoCallback)
    HAL_FDCAN_TxFifoEmptyCallback            0x08002d9f   Thumb Code     2  stm32h7xx_hal_fdcan.o(i.HAL_FDCAN_TxFifoEmptyCallback)
    HAL_GPIO_Init                            0x08002da1   Thumb Code   506  stm32h7xx_hal_gpio.o(i.HAL_GPIO_Init)
    HAL_GPIO_WritePin                        0x08002fcd   Thumb Code    10  stm32h7xx_hal_gpio.o(i.HAL_GPIO_WritePin)
    HAL_GetREVID                             0x08002fd9   Thumb Code     8  stm32h7xx_hal.o(i.HAL_GetREVID)
    HAL_GetTick                              0x08002fe5   Thumb Code     6  stm32h7xx_hal.o(i.HAL_GetTick)
    HAL_I2CEx_ConfigAnalogFilter             0x08002ff1   Thumb Code    88  stm32h7xx_hal_i2c_ex.o(i.HAL_I2CEx_ConfigAnalogFilter)
    HAL_I2CEx_ConfigDigitalFilter            0x08003049   Thumb Code    84  stm32h7xx_hal_i2c_ex.o(i.HAL_I2CEx_ConfigDigitalFilter)
    HAL_I2C_Init                             0x0800309d   Thumb Code   180  stm32h7xx_hal_i2c.o(i.HAL_I2C_Init)
    HAL_I2C_MspInit                          0x08003155   Thumb Code   200  i2c.o(i.HAL_I2C_MspInit)
    HAL_IncTick                              0x08003231   Thumb Code    12  stm32h7xx_hal.o(i.HAL_IncTick)
    HAL_Init                                 0x08003241   Thumb Code    74  stm32h7xx_hal.o(i.HAL_Init)
    HAL_InitTick                             0x0800329d   Thumb Code    56  stm32h7xx_hal.o(i.HAL_InitTick)
    HAL_MspInit                              0x080032dd   Thumb Code    28  stm32h7xx_hal_msp.o(i.HAL_MspInit)
    HAL_NVIC_EnableIRQ                       0x080032fd   Thumb Code    26  stm32h7xx_hal_cortex.o(i.HAL_NVIC_EnableIRQ)
    HAL_NVIC_SetPriority                     0x08003319   Thumb Code    60  stm32h7xx_hal_cortex.o(i.HAL_NVIC_SetPriority)
    HAL_NVIC_SetPriorityGrouping             0x08003359   Thumb Code    28  stm32h7xx_hal_cortex.o(i.HAL_NVIC_SetPriorityGrouping)
    HAL_PWREx_ConfigSupply                   0x0800337d   Thumb Code    78  stm32h7xx_hal_pwr_ex.o(i.HAL_PWREx_ConfigSupply)
    HAL_RCCEx_GetD3PCLK1Freq                 0x080033d1   Thumb Code    26  stm32h7xx_hal_rcc_ex.o(i.HAL_RCCEx_GetD3PCLK1Freq)
    HAL_RCCEx_GetPLL2ClockFreq               0x080033f5   Thumb Code   296  stm32h7xx_hal_rcc_ex.o(i.HAL_RCCEx_GetPLL2ClockFreq)
    HAL_RCCEx_GetPLL3ClockFreq               0x08003539   Thumb Code   296  stm32h7xx_hal_rcc_ex.o(i.HAL_RCCEx_GetPLL3ClockFreq)
    HAL_RCCEx_PeriphCLKConfig                0x0800367d   Thumb Code  2258  stm32h7xx_hal_rcc_ex.o(i.HAL_RCCEx_PeriphCLKConfig)
    HAL_RCC_ClockConfig                      0x08003f51   Thumb Code   580  stm32h7xx_hal_rcc.o(i.HAL_RCC_ClockConfig)
    HAL_RCC_GetHCLKFreq                      0x080041ad   Thumb Code    52  stm32h7xx_hal_rcc.o(i.HAL_RCC_GetHCLKFreq)
    HAL_RCC_GetPCLK1Freq                     0x080041f1   Thumb Code    26  stm32h7xx_hal_rcc.o(i.HAL_RCC_GetPCLK1Freq)
    HAL_RCC_GetPCLK2Freq                     0x08004215   Thumb Code    26  stm32h7xx_hal_rcc.o(i.HAL_RCC_GetPCLK2Freq)
    HAL_RCC_GetSysClockFreq                  0x08004239   Thumb Code   278  stm32h7xx_hal_rcc.o(i.HAL_RCC_GetSysClockFreq)
    HAL_RCC_OscConfig                        0x08004371   Thumb Code  1322  stm32h7xx_hal_rcc.o(i.HAL_RCC_OscConfig)
    HAL_SPI_Init                             0x080048a1   Thumb Code   330  stm32h7xx_hal_spi.o(i.HAL_SPI_Init)
    HAL_SPI_MspInit                          0x080049f9   Thumb Code   116  spi.o(i.HAL_SPI_MspInit)
    HAL_SYSTICK_Config                       0x08004a79   Thumb Code    38  stm32h7xx_hal_cortex.o(i.HAL_SYSTICK_Config)
    HAL_TIMEx_Break2Callback                 0x08004a9f   Thumb Code     2  stm32h7xx_hal_tim_ex.o(i.HAL_TIMEx_Break2Callback)
    HAL_TIMEx_BreakCallback                  0x08004aa1   Thumb Code     2  stm32h7xx_hal_tim_ex.o(i.HAL_TIMEx_BreakCallback)
    HAL_TIMEx_CommutCallback                 0x08004aa3   Thumb Code     2  stm32h7xx_hal_tim_ex.o(i.HAL_TIMEx_CommutCallback)
    HAL_TIMEx_MasterConfigSynchronization    0x08004aa5   Thumb Code   134  stm32h7xx_hal_tim_ex.o(i.HAL_TIMEx_MasterConfigSynchronization)
    HAL_TIM_Base_Init                        0x08004b49   Thumb Code    98  stm32h7xx_hal_tim.o(i.HAL_TIM_Base_Init)
    HAL_TIM_Base_MspInit                     0x08004bad   Thumb Code    72  tim.o(i.HAL_TIM_Base_MspInit)
    HAL_TIM_Base_Start_IT                    0x08004c01   Thumb Code   106  stm32h7xx_hal_tim.o(i.HAL_TIM_Base_Start_IT)
    HAL_TIM_ConfigClockSource                0x08004c8d   Thumb Code   248  stm32h7xx_hal_tim.o(i.HAL_TIM_ConfigClockSource)
    HAL_TIM_IC_CaptureCallback               0x08004d89   Thumb Code     2  stm32h7xx_hal_tim.o(i.HAL_TIM_IC_CaptureCallback)
    HAL_TIM_IRQHandler                       0x08004d8b   Thumb Code   386  stm32h7xx_hal_tim.o(i.HAL_TIM_IRQHandler)
    HAL_TIM_MspPostInit                      0x08004f0d   Thumb Code    68  tim.o(i.HAL_TIM_MspPostInit)
    HAL_TIM_OC_DelayElapsedCallback          0x08004f5d   Thumb Code     2  stm32h7xx_hal_tim.o(i.HAL_TIM_OC_DelayElapsedCallback)
    HAL_TIM_PWM_ConfigChannel                0x08004f5f   Thumb Code   292  stm32h7xx_hal_tim.o(i.HAL_TIM_PWM_ConfigChannel)
    HAL_TIM_PWM_Init                         0x08005083   Thumb Code    98  stm32h7xx_hal_tim.o(i.HAL_TIM_PWM_Init)
    HAL_TIM_PWM_MspInit                      0x080050e5   Thumb Code    30  tim.o(i.HAL_TIM_PWM_MspInit)
    HAL_TIM_PWM_PulseFinishedCallback        0x0800510d   Thumb Code     2  stm32h7xx_hal_tim.o(i.HAL_TIM_PWM_PulseFinishedCallback)
    HAL_TIM_PeriodElapsedCallback            0x08005111   Thumb Code    14  driver_timer.o(i.HAL_TIM_PeriodElapsedCallback)
    HAL_TIM_TriggerCallback                  0x08005129   Thumb Code     2  stm32h7xx_hal_tim.o(i.HAL_TIM_TriggerCallback)
    HAL_UARTEx_DisableFifoMode               0x0800512b   Thumb Code    64  stm32h7xx_hal_uart_ex.o(i.HAL_UARTEx_DisableFifoMode)
    HAL_UARTEx_RxEventCallback               0x0800516b   Thumb Code     2  stm32h7xx_hal_uart.o(i.HAL_UARTEx_RxEventCallback)
    HAL_UARTEx_RxFifoFullCallback            0x0800516d   Thumb Code     2  stm32h7xx_hal_uart_ex.o(i.HAL_UARTEx_RxFifoFullCallback)
    HAL_UARTEx_SetRxFifoThreshold            0x0800516f   Thumb Code    76  stm32h7xx_hal_uart_ex.o(i.HAL_UARTEx_SetRxFifoThreshold)
    HAL_UARTEx_SetTxFifoThreshold            0x080051bb   Thumb Code    76  stm32h7xx_hal_uart_ex.o(i.HAL_UARTEx_SetTxFifoThreshold)
    HAL_UARTEx_TxFifoEmptyCallback           0x08005207   Thumb Code     2  stm32h7xx_hal_uart_ex.o(i.HAL_UARTEx_TxFifoEmptyCallback)
    HAL_UARTEx_WakeupCallback                0x08005209   Thumb Code     2  stm32h7xx_hal_uart_ex.o(i.HAL_UARTEx_WakeupCallback)
    HAL_UART_DMAResume                       0x0800520b   Thumb Code   134  stm32h7xx_hal_uart.o(i.HAL_UART_DMAResume)
    HAL_UART_DMAStop                         0x08005291   Thumb Code   142  stm32h7xx_hal_uart.o(i.HAL_UART_DMAStop)
    HAL_UART_ErrorCallback                   0x0800531f   Thumb Code     2  stm32h7xx_hal_uart.o(i.HAL_UART_ErrorCallback)
    HAL_UART_IRQHandler                      0x08005321   Thumb Code   838  stm32h7xx_hal_uart.o(i.HAL_UART_IRQHandler)
    HAL_UART_Init                            0x08005681   Thumb Code   106  stm32h7xx_hal_uart.o(i.HAL_UART_Init)
    HAL_UART_MspInit                         0x080056ed   Thumb Code  1300  usart.o(i.HAL_UART_MspInit)
    HAL_UART_Receive_DMA                     0x08005c15   Thumb Code    80  stm32h7xx_hal_uart.o(i.HAL_UART_Receive_DMA)
    HAL_UART_RxCpltCallback                  0x08005c69   Thumb Code     2  stm32h7xx_hal_uart.o(i.HAL_UART_RxCpltCallback)
    HAL_UART_RxHalfCpltCallback              0x08005c6b   Thumb Code     2  stm32h7xx_hal_uart.o(i.HAL_UART_RxHalfCpltCallback)
    HAL_UART_TxCpltCallback                  0x08005c6d   Thumb Code     2  stm32h7xx_hal_uart.o(i.HAL_UART_TxCpltCallback)
    HardFault_Handler                        0x08005c6f   Thumb Code     2  stm32h7xx_it.o(i.HardFault_Handler)
    HardwareConfig                           0x08005c71   Thumb Code    82  hardware_config.o(i.HardwareConfig)
    MX_DMA_Init                              0x08005cf5   Thumb Code   216  dma.o(i.MX_DMA_Init)
    MX_FDCAN1_Init                           0x08005dd1   Thumb Code    96  fdcan.o(i.MX_FDCAN1_Init)
    MX_FDCAN2_Init                           0x08005e39   Thumb Code   100  fdcan.o(i.MX_FDCAN2_Init)
    MX_GPIO_Init                             0x08005ea5   Thumb Code   278  gpio.o(i.MX_GPIO_Init)
    MX_I2C2_Init                             0x08005fd5   Thumb Code    76  i2c.o(i.MX_I2C2_Init)
    MX_I2C4_Init                             0x0800602d   Thumb Code    76  i2c.o(i.MX_I2C4_Init)
    MX_SPI1_Init                             0x08006085   Thumb Code    82  spi.o(i.MX_SPI1_Init)
    MX_TIM14_Init                            0x080060e1   Thumb Code    44  tim.o(i.MX_TIM14_Init)
    MX_TIM3_Init                             0x08006115   Thumb Code   108  tim.o(i.MX_TIM3_Init)
    MX_TIM4_Init                             0x08006189   Thumb Code    94  tim.o(i.MX_TIM4_Init)
    MX_UART4_Init                            0x080061f1   Thumb Code    94  usart.o(i.MX_UART4_Init)
    MX_UART5_Init                            0x08006259   Thumb Code    94  usart.o(i.MX_UART5_Init)
    MX_USART1_UART_Init                      0x080062c1   Thumb Code    96  usart.o(i.MX_USART1_UART_Init)
    MX_USART2_UART_Init                      0x0800632d   Thumb Code    94  usart.o(i.MX_USART2_UART_Init)
    MX_USART3_UART_Init                      0x08006395   Thumb Code    94  usart.o(i.MX_USART3_UART_Init)
    MX_USART6_UART_Init                      0x080063fd   Thumb Code    94  usart.o(i.MX_USART6_UART_Init)
    MemManage_Handler                        0x08006465   Thumb Code     2  stm32h7xx_it.o(i.MemManage_Handler)
    MotorCanOutput                           0x08006469   Thumb Code   102  motor.o(i.MotorCanOutput)
    MotorFillData                            0x080064dd   Thumb Code    96  motor.o(i.MotorFillData)
    MotorInit                                0x08006549   Thumb Code   112  motor.o(i.MotorInit)
    MotorRxCallback                          0x080065cd   Thumb Code   354  motor.o(i.MotorRxCallback)
    NMI_Handler                              0x0800673d   Thumb Code     2  stm32h7xx_it.o(i.NMI_Handler)
    PendSV_Handler                           0x0800673f   Thumb Code     2  stm32h7xx_it.o(i.PendSV_Handler)
    SVC_Handler                              0x08006981   Thumb Code     2  stm32h7xx_it.o(i.SVC_Handler)
    SysTick_Handler                          0x08006983   Thumb Code     4  stm32h7xx_it.o(i.SysTick_Handler)
    SystemClock_Config                       0x08006989   Thumb Code   164  main.o(i.SystemClock_Config)
    SystemInit                               0x08006a35   Thumb Code   180  system_stm32h7xx.o(i.SystemInit)
    TIM14_Task                               0x08006b11   Thumb Code    68  control_logic.o(i.TIM14_Task)
    TIM8_TRG_COM_TIM14_IRQHandler            0x08006b69   Thumb Code     6  stm32h7xx_it.o(i.TIM8_TRG_COM_TIM14_IRQHandler)
    TIM_Base_SetConfig                       0x08006b75   Thumb Code   162  stm32h7xx_hal_tim.o(i.TIM_Base_SetConfig)
    TIM_ETR_SetConfig                        0x08006c39   Thumb Code    18  stm32h7xx_hal_tim.o(i.TIM_ETR_SetConfig)
    TIM_OC2_SetConfig                        0x08006d09   Thumb Code   126  stm32h7xx_hal_tim.o(i.TIM_OC2_SetConfig)
    TIM_Open                                 0x08006f99   Thumb Code     6  driver_timer.o(i.TIM_Open)
    TIMx_Init                                0x08006fe5   Thumb Code    16  driver_timer.o(i.TIMx_Init)
    UART4_IRQHandler                         0x08006ffd   Thumb Code     6  stm32h7xx_it.o(i.UART4_IRQHandler)
    UART5_IRQHandler                         0x08007009   Thumb Code     6  stm32h7xx_it.o(i.UART5_IRQHandler)
    UART_AdvFeatureConfig                    0x08007059   Thumb Code   200  stm32h7xx_hal_uart.o(i.UART_AdvFeatureConfig)
    UART_CheckIdleState                      0x08007121   Thumb Code    96  stm32h7xx_hal_uart.o(i.UART_CheckIdleState)
    UART_ENABLE_IT                           0x0800727f   Thumb Code    14  driver_usart.o(i.UART_ENABLE_IT)
    UART_Idle_Handler                        0x0800730f   Thumb Code    84  driver_usart.o(i.UART_Idle_Handler)
    UART_Receive_DMA                         0x08007363   Thumb Code    10  driver_usart.o(i.UART_Receive_DMA)
    UART_SetConfig                           0x0800736d   Thumb Code   876  stm32h7xx_hal_uart.o(i.UART_SetConfig)
    UART_Start_Receive_DMA                   0x08007719   Thumb Code   154  stm32h7xx_hal_uart.o(i.UART_Start_Receive_DMA)
    UART_WaitOnFlagUntilTimeout              0x080077c1   Thumb Code   202  stm32h7xx_hal_uart.o(i.UART_WaitOnFlagUntilTimeout)
    UARTx_Init                               0x0800788d   Thumb Code    96  driver_usart.o(i.UARTx_Init)
    USART1_IRQHandler                        0x08007909   Thumb Code    20  stm32h7xx_it.o(i.USART1_IRQHandler)
    USART2_IRQHandler                        0x08007929   Thumb Code     6  stm32h7xx_it.o(i.USART2_IRQHandler)
    USART3_IRQHandler                        0x08007935   Thumb Code     6  stm32h7xx_it.o(i.USART3_IRQHandler)
    USART6_IRQHandler                        0x08007941   Thumb Code     6  stm32h7xx_it.o(i.USART6_IRQHandler)
    UsageFault_Handler                       0x0800794d   Thumb Code     2  stm32h7xx_it.o(i.UsageFault_Handler)
    main                                     0x08007971   Thumb Code    78  main.o(i.main)
    _fp_init                                 0x080079bf   Thumb Code    10  fpinit.o(x$fpl$fpinit)
    __fplib_config_fpu_vfp                   0x080079c7   Thumb Code     0  fpinit.o(x$fpl$fpinit)
    __fplib_config_pureend_doubles           0x080079c7   Thumb Code     0  fpinit.o(x$fpl$fpinit)
    UARTPrescTable                           0x08007a2c   Data          24  stm32h7xx_hal_uart.o(.constdata)
    D1CorePrescTable                         0x08007a54   Data          16  system_stm32h7xx.o(.constdata)
    Region$$Table$$Base                      0x08007a64   Number         0  anon$$obj.o(Region$$Table)
    Region$$Table$$Limit                     0x08007a84   Number         0  anon$$obj.o(Region$$Table)
    can1                                     0x24000000   Data          16  driver_can.o(.data)
    can2                                     0x24000010   Data          16  driver_can.o(.data)
    uart1                                    0x24000020   Data           8  driver_usart.o(.data)
    uart2                                    0x24000028   Data           8  driver_usart.o(.data)
    uart3                                    0x24000030   Data           8  driver_usart.o(.data)
    uart4                                    0x24000038   Data           8  driver_usart.o(.data)
    uart5                                    0x24000040   Data           8  driver_usart.o(.data)
    uart6                                    0x24000048   Data           8  driver_usart.o(.data)
    target_speed                             0x24000050   Data           4  control_logic.o(.data)
    uart1_buffer                             0x24000054   Data           8  dr16.o(.data)
    amp_test                                 0x2400005c   Data           2  motor.o(.data)
    Q_index                                  0x24000060   Data           4  motor.o(.data)
    Ecd_sum                                  0x24000064   Data           4  motor.o(.data)
    Speed_sum                                0x24000068   Data           4  motor.o(.data)
    txBuffer0x200forCAN1                     0x2400006c   Data          12  motor.o(.data)
    txBuffer0x1FFforCAN1                     0x24000078   Data          12  motor.o(.data)
    txBuffer0x2FFforCAN1                     0x24000084   Data          12  motor.o(.data)
    txBuffer0x200forCAN2                     0x24000090   Data          12  motor.o(.data)
    txBuffer0x1FFforCAN2                     0x2400009c   Data          12  motor.o(.data)
    txBuffer0x2FFforCAN2                     0x240000a8   Data          12  motor.o(.data)
    uwTickFreq                               0x240000b8   Data           1  stm32h7xx_hal.o(.data)
    uwTickPrio                               0x240000bc   Data           4  stm32h7xx_hal.o(.data)
    uwTick                                   0x240000c0   Data           4  stm32h7xx_hal.o(.data)
    SystemCoreClock                          0x240000c4   Data           4  system_stm32h7xx.o(.data)
    SystemD2Clock                            0x240000c8   Data           4  system_stm32h7xx.o(.data)
    tim14                                    0x240000cc   Data          20  driver_timer.o(.bss)
    motor3508                                0x240000e0   Data         236  hardware_config.o(.bss)
    rc_Ctrl                                  0x240001cc   Data         164  dr16.o(.bss)
    hfdcan1                                  0x24000270   Data         160  fdcan.o(.bss)
    hfdcan2                                  0x24000310   Data         160  fdcan.o(.bss)
    hi2c2                                    0x240003b0   Data          76  i2c.o(.bss)
    hi2c4                                    0x240003fc   Data          76  i2c.o(.bss)
    hspi1                                    0x24000448   Data         136  spi.o(.bss)
    htim3                                    0x240004d0   Data          76  tim.o(.bss)
    htim4                                    0x2400051c   Data          76  tim.o(.bss)
    htim14                                   0x24000568   Data          76  tim.o(.bss)
    huart4                                   0x240005b4   Data         144  usart.o(.bss)
    huart5                                   0x24000644   Data         144  usart.o(.bss)
    huart1                                   0x240006d4   Data         144  usart.o(.bss)
    huart2                                   0x24000764   Data         144  usart.o(.bss)
    huart3                                   0x240007f4   Data         144  usart.o(.bss)
    huart6                                   0x24000884   Data         144  usart.o(.bss)
    hdma_uart4_rx                            0x24000914   Data         120  usart.o(.bss)
    hdma_uart4_tx                            0x2400098c   Data         120  usart.o(.bss)
    hdma_uart5_rx                            0x24000a04   Data         120  usart.o(.bss)
    hdma_uart5_tx                            0x24000a7c   Data         120  usart.o(.bss)
    hdma_usart1_rx                           0x24000af4   Data         120  usart.o(.bss)
    hdma_usart2_rx                           0x24000b6c   Data         120  usart.o(.bss)
    hdma_usart2_tx                           0x24000be4   Data         120  usart.o(.bss)
    hdma_usart3_rx                           0x24000c5c   Data         120  usart.o(.bss)
    hdma_usart3_tx                           0x24000cd4   Data         120  usart.o(.bss)
    hdma_usart6_rx                           0x24000d4c   Data         120  usart.o(.bss)
    hdma_usart6_tx                           0x24000dc4   Data         120  usart.o(.bss)
    __libspace_start                         0x24000e3c   Data          96  libspace.o(.bss)
    __temporary_stack_top$libspace           0x24000e9c   Data           0  libspace.o(.bss)
    DR16_recData                             0x24006000   Data          18  dr16.o(.ARM.__AT_0x24006000)



==============================================================================

Memory Map of the image

  Image Entry point : 0x08000299

  Load Region LR_IROM1 (Base: 0x08000000, Size: 0x00007b50, Max: 0x00020000, ABSOLUTE)

    Execution Region ER_IROM1 (Exec base: 0x08000000, Load base: 0x08000000, Size: 0x00007a84, Max: 0x00020000, ABSOLUTE)

    Exec Addr    Load Addr    Size         Type   Attr      Idx    E Section Name        Object

    0x08000000   0x08000000   0x00000298   Data   RO            3    RESET               startup_stm32h750xx.o
    0x08000298   0x08000298   0x00000008   Code   RO         6090  * !!!main             c_w.l(__main.o)
    0x080002a0   0x080002a0   0x00000034   Code   RO         6259    !!!scatter          c_w.l(__scatter.o)
    0x080002d4   0x080002d4   0x0000001a   Code   RO         6261    !!handler_copy      c_w.l(__scatter_copy.o)
    0x080002ee   0x080002ee   0x00000002   PAD
    0x080002f0   0x080002f0   0x0000001c   Code   RO         6263    !!handler_zi        c_w.l(__scatter_zi.o)
    0x0800030c   0x0800030c   0x00000002   Code   RO         6127    .ARM.Collect$$libinit$$00000000  c_w.l(libinit.o)
    0x0800030e   0x0800030e   0x00000004   Code   RO         6139    .ARM.Collect$$libinit$$00000001  c_w.l(libinit2.o)
    0x08000312   0x08000312   0x00000000   Code   RO         6142    .ARM.Collect$$libinit$$00000004  c_w.l(libinit2.o)
    0x08000312   0x08000312   0x00000000   Code   RO         6145    .ARM.Collect$$libinit$$0000000A  c_w.l(libinit2.o)
    0x08000312   0x08000312   0x00000000   Code   RO         6147    .ARM.Collect$$libinit$$0000000C  c_w.l(libinit2.o)
    0x08000312   0x08000312   0x00000000   Code   RO         6149    .ARM.Collect$$libinit$$0000000E  c_w.l(libinit2.o)
    0x08000312   0x08000312   0x00000000   Code   RO         6152    .ARM.Collect$$libinit$$00000011  c_w.l(libinit2.o)
    0x08000312   0x08000312   0x00000000   Code   RO         6154    .ARM.Collect$$libinit$$00000013  c_w.l(libinit2.o)
    0x08000312   0x08000312   0x00000000   Code   RO         6156    .ARM.Collect$$libinit$$00000015  c_w.l(libinit2.o)
    0x08000312   0x08000312   0x00000000   Code   RO         6158    .ARM.Collect$$libinit$$00000017  c_w.l(libinit2.o)
    0x08000312   0x08000312   0x00000000   Code   RO         6160    .ARM.Collect$$libinit$$00000019  c_w.l(libinit2.o)
    0x08000312   0x08000312   0x00000000   Code   RO         6162    .ARM.Collect$$libinit$$0000001B  c_w.l(libinit2.o)
    0x08000312   0x08000312   0x00000000   Code   RO         6164    .ARM.Collect$$libinit$$0000001D  c_w.l(libinit2.o)
    0x08000312   0x08000312   0x00000000   Code   RO         6166    .ARM.Collect$$libinit$$0000001F  c_w.l(libinit2.o)
    0x08000312   0x08000312   0x00000000   Code   RO         6168    .ARM.Collect$$libinit$$00000021  c_w.l(libinit2.o)
    0x08000312   0x08000312   0x00000000   Code   RO         6170    .ARM.Collect$$libinit$$00000023  c_w.l(libinit2.o)
    0x08000312   0x08000312   0x00000000   Code   RO         6172    .ARM.Collect$$libinit$$00000025  c_w.l(libinit2.o)
    0x08000312   0x08000312   0x00000000   Code   RO         6176    .ARM.Collect$$libinit$$0000002C  c_w.l(libinit2.o)
    0x08000312   0x08000312   0x00000000   Code   RO         6178    .ARM.Collect$$libinit$$0000002E  c_w.l(libinit2.o)
    0x08000312   0x08000312   0x00000000   Code   RO         6180    .ARM.Collect$$libinit$$00000030  c_w.l(libinit2.o)
    0x08000312   0x08000312   0x00000000   Code   RO         6182    .ARM.Collect$$libinit$$00000032  c_w.l(libinit2.o)
    0x08000312   0x08000312   0x00000002   Code   RO         6183    .ARM.Collect$$libinit$$00000033  c_w.l(libinit2.o)
    0x08000314   0x08000314   0x00000002   Code   RO         6214    .ARM.Collect$$libshutdown$$00000000  c_w.l(libshutdown.o)
    0x08000316   0x08000316   0x00000000   Code   RO         6240    .ARM.Collect$$libshutdown$$00000002  c_w.l(libshutdown2.o)
    0x08000316   0x08000316   0x00000000   Code   RO         6242    .ARM.Collect$$libshutdown$$00000004  c_w.l(libshutdown2.o)
    0x08000316   0x08000316   0x00000000   Code   RO         6244    .ARM.Collect$$libshutdown$$00000006  c_w.l(libshutdown2.o)
    0x08000316   0x08000316   0x00000000   Code   RO         6247    .ARM.Collect$$libshutdown$$00000009  c_w.l(libshutdown2.o)
    0x08000316   0x08000316   0x00000000   Code   RO         6250    .ARM.Collect$$libshutdown$$0000000C  c_w.l(libshutdown2.o)
    0x08000316   0x08000316   0x00000000   Code   RO         6252    .ARM.Collect$$libshutdown$$0000000E  c_w.l(libshutdown2.o)
    0x08000316   0x08000316   0x00000000   Code   RO         6255    .ARM.Collect$$libshutdown$$00000011  c_w.l(libshutdown2.o)
    0x08000316   0x08000316   0x00000002   Code   RO         6256    .ARM.Collect$$libshutdown$$00000012  c_w.l(libshutdown2.o)
    0x08000318   0x08000318   0x00000000   Code   RO         6092    .ARM.Collect$$rtentry$$00000000  c_w.l(__rtentry.o)
    0x08000318   0x08000318   0x00000000   Code   RO         6098    .ARM.Collect$$rtentry$$00000002  c_w.l(__rtentry2.o)
    0x08000318   0x08000318   0x00000006   Code   RO         6110    .ARM.Collect$$rtentry$$00000004  c_w.l(__rtentry4.o)
    0x0800031e   0x0800031e   0x00000000   Code   RO         6100    .ARM.Collect$$rtentry$$00000009  c_w.l(__rtentry2.o)
    0x0800031e   0x0800031e   0x00000004   Code   RO         6101    .ARM.Collect$$rtentry$$0000000A  c_w.l(__rtentry2.o)
    0x08000322   0x08000322   0x00000000   Code   RO         6103    .ARM.Collect$$rtentry$$0000000C  c_w.l(__rtentry2.o)
    0x08000322   0x08000322   0x00000008   Code   RO         6104    .ARM.Collect$$rtentry$$0000000D  c_w.l(__rtentry2.o)
    0x0800032a   0x0800032a   0x00000002   Code   RO         6131    .ARM.Collect$$rtexit$$00000000  c_w.l(rtexit.o)
    0x0800032c   0x0800032c   0x00000000   Code   RO         6187    .ARM.Collect$$rtexit$$00000002  c_w.l(rtexit2.o)
    0x0800032c   0x0800032c   0x00000004   Code   RO         6188    .ARM.Collect$$rtexit$$00000003  c_w.l(rtexit2.o)
    0x08000330   0x08000330   0x00000006   Code   RO         6189    .ARM.Collect$$rtexit$$00000004  c_w.l(rtexit2.o)
    0x08000336   0x08000336   0x00000002   PAD
    0x08000338   0x08000338   0x00000040   Code   RO            4    .text               startup_stm32h750xx.o
    0x08000378   0x08000378   0x000000ee   Code   RO         6082    .text               c_w.l(lludivv7m.o)
    0x08000466   0x08000466   0x00000064   Code   RO         6084    .text               c_w.l(rt_memcpy_w.o)
    0x080004ca   0x080004ca   0x0000004e   Code   RO         6086    .text               c_w.l(rt_memclr_w.o)
    0x08000518   0x08000518   0x00000006   Code   RO         6088    .text               c_w.l(heapauxi.o)
    0x0800051e   0x0800051e   0x0000004a   Code   RO         6114    .text               c_w.l(sys_stackheap_outer.o)
    0x08000568   0x08000568   0x00000012   Code   RO         6116    .text               c_w.l(exit.o)
    0x0800057a   0x0800057a   0x00000002   PAD
    0x0800057c   0x0800057c   0x00000008   Code   RO         6128    .text               c_w.l(libspace.o)
    0x08000584   0x08000584   0x0000000c   Code   RO         6184    .text               c_w.l(sys_exit.o)
    0x08000590   0x08000590   0x00000002   Code   RO         6203    .text               c_w.l(use_no_semi.o)
    0x08000592   0x08000592   0x00000000   Code   RO         6205    .text               c_w.l(indicate_semi.o)
    0x08000592   0x08000592   0x00000002   Code   RO          948    i.BusFault_Handler  stm32h7xx_it.o
    0x08000594   0x08000594   0x00000020   Code   RO          323    i.CAN2_rxCallBack   control_logic.o
    0x080005b4   0x080005b4   0x00000034   Code   RO           13    i.CAN_Open          driver_can.o
    0x080005e8   0x080005e8   0x0000000e   Code   RO          451    i.CAN_RegisteMotor  motor.o
    0x080005f6   0x080005f6   0x00000034   Code   RO           14    i.CAN_Send          driver_can.o
    0x0800062a   0x0800062a   0x00000002   PAD
    0x0800062c   0x0800062c   0x00000094   Code   RO          452    i.CAN_fill_3508_2006_data  motor.o
    0x080006c0   0x080006c0   0x00000074   Code   RO          453    i.CAN_fill_6020_data  motor.o
    0x08000734   0x08000734   0x00000026   Code   RO          454    i.CAN_update_data   motor.o
    0x0800075a   0x0800075a   0x00000002   PAD
    0x0800075c   0x0800075c   0x0000002c   Code   RO           15    i.CANx_Init         driver_can.o
    0x08000788   0x08000788   0x0000000c   Code   RO          949    i.DMA1_Stream0_IRQHandler  stm32h7xx_it.o
    0x08000794   0x08000794   0x0000000c   Code   RO          950    i.DMA1_Stream2_IRQHandler  stm32h7xx_it.o
    0x080007a0   0x080007a0   0x0000000c   Code   RO          951    i.DMA1_Stream3_IRQHandler  stm32h7xx_it.o
    0x080007ac   0x080007ac   0x0000000c   Code   RO          952    i.DMA1_Stream4_IRQHandler  stm32h7xx_it.o
    0x080007b8   0x080007b8   0x0000000c   Code   RO          953    i.DMA1_Stream5_IRQHandler  stm32h7xx_it.o
    0x080007c4   0x080007c4   0x0000000c   Code   RO          954    i.DMA1_Stream6_IRQHandler  stm32h7xx_it.o
    0x080007d0   0x080007d0   0x0000000c   Code   RO          955    i.DMA1_Stream7_IRQHandler  stm32h7xx_it.o
    0x080007dc   0x080007dc   0x0000000c   Code   RO          956    i.DMA2_Stream0_IRQHandler  stm32h7xx_it.o
    0x080007e8   0x080007e8   0x0000000c   Code   RO          957    i.DMA2_Stream1_IRQHandler  stm32h7xx_it.o
    0x080007f4   0x080007f4   0x0000000c   Code   RO          958    i.DMA2_Stream3_IRQHandler  stm32h7xx_it.o
    0x08000800   0x08000800   0x0000000c   Code   RO          959    i.DMA2_Stream4_IRQHandler  stm32h7xx_it.o
    0x0800080c   0x0800080c   0x000000b4   Code   RO         2547    i.DMA_CalcBaseAndBitshift  stm32h7xx_hal_dma.o
    0x080008c0   0x080008c0   0x0000009c   Code   RO         2548    i.DMA_CalcDMAMUXChannelBaseAndMask  stm32h7xx_hal_dma.o
    0x0800095c   0x0800095c   0x00000074   Code   RO         2549    i.DMA_CalcDMAMUXRequestGenBaseAndMask  stm32h7xx_hal_dma.o
    0x080009d0   0x080009d0   0x00000054   Code   RO         2550    i.DMA_CheckFifoParam  stm32h7xx_hal_dma.o
    0x08000a24   0x08000a24   0x00000220   Code   RO         2551    i.DMA_SetConfig     stm32h7xx_hal_dma.o
    0x08000c44   0x08000c44   0x00000064   Code   RO          406    i.DR16Init          dr16.o
    0x08000ca8   0x08000ca8   0x00000120   Code   RO          407    i.DR16_DataUnpack   dr16.o
    0x08000dc8   0x08000dc8   0x00000014   Code   RO          408    i.DR16_callback     dr16.o
    0x08000ddc   0x08000ddc   0x00000002   Code   RO          960    i.DebugMon_Handler  stm32h7xx_it.o
    0x08000dde   0x08000dde   0x00000004   Code   RO          533    i.Error_Handler     main.o
    0x08000de2   0x08000de2   0x00000002   PAD
    0x08000de4   0x08000de4   0x0000000c   Code   RO          961    i.FDCAN1_IT0_IRQHandler  stm32h7xx_it.o
    0x08000df0   0x08000df0   0x0000000c   Code   RO          962    i.FDCAN2_IT0_IRQHandler  stm32h7xx_it.o
    0x08000dfc   0x08000dfc   0x000001c8   Code   RO         1309    i.FDCAN_CalcultateRamBlockAddresses  stm32h7xx_hal_fdcan.o
    0x08000fc4   0x08000fc4   0x00000080   Code   RO         1310    i.FDCAN_CopyMessageToRAM  stm32h7xx_hal_fdcan.o
    0x08001044   0x08001044   0x00000360   Code   RO         2552    i.HAL_DMA_Abort     stm32h7xx_hal_dma.o
    0x080013a4   0x080013a4   0x00000284   Code   RO         2553    i.HAL_DMA_Abort_IT  stm32h7xx_hal_dma.o
    0x08001628   0x08001628   0x00000004   Code   RO         2555    i.HAL_DMA_GetError  stm32h7xx_hal_dma.o
    0x0800162c   0x0800162c   0x000006e8   Code   RO         2557    i.HAL_DMA_IRQHandler  stm32h7xx_hal_dma.o
    0x08001d14   0x08001d14   0x000003c4   Code   RO         2558    i.HAL_DMA_Init      stm32h7xx_hal_dma.o
    0x080020d8   0x080020d8   0x0000029c   Code   RO         2562    i.HAL_DMA_Start_IT  stm32h7xx_hal_dma.o
    0x08002374   0x08002374   0x00000088   Code   RO         1312    i.HAL_FDCAN_ActivateNotification  stm32h7xx_hal_fdcan.o
    0x080023fc   0x080023fc   0x00000066   Code   RO         1314    i.HAL_FDCAN_AddMessageToTxFifoQ  stm32h7xx_hal_fdcan.o
    0x08002462   0x08002462   0x00000002   Code   RO         1315    i.HAL_FDCAN_ClockCalibrationCallback  stm32h7xx_hal_fdcan.o
    0x08002464   0x08002464   0x0000007e   Code   RO         1319    i.HAL_FDCAN_ConfigFilter  stm32h7xx_hal_fdcan.o
    0x080024e2   0x080024e2   0x00000002   Code   RO         1341    i.HAL_FDCAN_ErrorCallback  stm32h7xx_hal_fdcan.o
    0x080024e4   0x080024e4   0x00000002   Code   RO         1342    i.HAL_FDCAN_ErrorStatusCallback  stm32h7xx_hal_fdcan.o
    0x080024e6   0x080024e6   0x00000002   PAD
    0x080024e8   0x080024e8   0x00000194   Code   RO         1353    i.HAL_FDCAN_GetRxMessage  stm32h7xx_hal_fdcan.o
    0x0800267c   0x0800267c   0x00000002   Code   RO         1359    i.HAL_FDCAN_HighPriorityMessageCallback  stm32h7xx_hal_fdcan.o
    0x0800267e   0x0800267e   0x00000002   PAD
    0x08002680   0x08002680   0x00000318   Code   RO         1360    i.HAL_FDCAN_IRQHandler  stm32h7xx_hal_fdcan.o
    0x08002998   0x08002998   0x00000244   Code   RO         1361    i.HAL_FDCAN_Init    stm32h7xx_hal_fdcan.o
    0x08002bdc   0x08002bdc   0x0000011c   Code   RO          636    i.HAL_FDCAN_MspInit  fdcan.o
    0x08002cf8   0x08002cf8   0x00000002   Code   RO         1370    i.HAL_FDCAN_RxBufferNewMessageCallback  stm32h7xx_hal_fdcan.o
    0x08002cfa   0x08002cfa   0x00000002   PAD
    0x08002cfc   0x08002cfc   0x0000005c   Code   RO           16    i.HAL_FDCAN_RxFifo0Callback  driver_can.o
    0x08002d58   0x08002d58   0x00000002   Code   RO         1372    i.HAL_FDCAN_RxFifo1Callback  stm32h7xx_hal_fdcan.o
    0x08002d5a   0x08002d5a   0x00000032   Code   RO         1373    i.HAL_FDCAN_Start   stm32h7xx_hal_fdcan.o
    0x08002d8c   0x08002d8c   0x00000002   Code   RO         1395    i.HAL_FDCAN_TT_GlobalTimeCallback  stm32h7xx_hal_fdcan.o
    0x08002d8e   0x08002d8e   0x00000002   Code   RO         1396    i.HAL_FDCAN_TT_ScheduleSyncCallback  stm32h7xx_hal_fdcan.o
    0x08002d90   0x08002d90   0x00000002   Code   RO         1401    i.HAL_FDCAN_TT_StopWatchCallback  stm32h7xx_hal_fdcan.o
    0x08002d92   0x08002d92   0x00000002   Code   RO         1402    i.HAL_FDCAN_TT_TimeMarkCallback  stm32h7xx_hal_fdcan.o
    0x08002d94   0x08002d94   0x00000002   Code   RO         1403    i.HAL_FDCAN_TimeoutOccurredCallback  stm32h7xx_hal_fdcan.o
    0x08002d96   0x08002d96   0x00000002   Code   RO         1404    i.HAL_FDCAN_TimestampWraparoundCallback  stm32h7xx_hal_fdcan.o
    0x08002d98   0x08002d98   0x00000002   Code   RO         1405    i.HAL_FDCAN_TxBufferAbortCallback  stm32h7xx_hal_fdcan.o
    0x08002d9a   0x08002d9a   0x00000002   Code   RO         1406    i.HAL_FDCAN_TxBufferCompleteCallback  stm32h7xx_hal_fdcan.o
    0x08002d9c   0x08002d9c   0x00000002   Code   RO         1407    i.HAL_FDCAN_TxEventFifoCallback  stm32h7xx_hal_fdcan.o
    0x08002d9e   0x08002d9e   0x00000002   Code   RO         1408    i.HAL_FDCAN_TxFifoEmptyCallback  stm32h7xx_hal_fdcan.o
    0x08002da0   0x08002da0   0x0000022c   Code   RO         2400    i.HAL_GPIO_Init     stm32h7xx_hal_gpio.o
    0x08002fcc   0x08002fcc   0x0000000a   Code   RO         2404    i.HAL_GPIO_WritePin  stm32h7xx_hal_gpio.o
    0x08002fd6   0x08002fd6   0x00000002   PAD
    0x08002fd8   0x08002fd8   0x0000000c   Code   RO         3272    i.HAL_GetREVID      stm32h7xx_hal.o
    0x08002fe4   0x08002fe4   0x0000000c   Code   RO         3273    i.HAL_GetTick       stm32h7xx_hal.o
    0x08002ff0   0x08002ff0   0x00000058   Code   RO         4028    i.HAL_I2CEx_ConfigAnalogFilter  stm32h7xx_hal_i2c_ex.o
    0x08003048   0x08003048   0x00000054   Code   RO         4029    i.HAL_I2CEx_ConfigDigitalFilter  stm32h7xx_hal_i2c_ex.o
    0x0800309c   0x0800309c   0x000000b8   Code   RO         3577    i.HAL_I2C_Init      stm32h7xx_hal_i2c.o
    0x08003154   0x08003154   0x000000dc   Code   RO          685    i.HAL_I2C_MspInit   i2c.o
    0x08003230   0x08003230   0x00000010   Code   RO         3279    i.HAL_IncTick       stm32h7xx_hal.o
    0x08003240   0x08003240   0x0000005c   Code   RO         3280    i.HAL_Init          stm32h7xx_hal.o
    0x0800329c   0x0800329c   0x00000040   Code   RO         3281    i.HAL_InitTick      stm32h7xx_hal.o
    0x080032dc   0x080032dc   0x00000020   Code   RO         1144    i.HAL_MspInit       stm32h7xx_hal_msp.o
    0x080032fc   0x080032fc   0x0000001a   Code   RO         1174    i.HAL_NVIC_EnableIRQ  stm32h7xx_hal_cortex.o
    0x08003316   0x08003316   0x00000002   PAD
    0x08003318   0x08003318   0x00000040   Code   RO         1180    i.HAL_NVIC_SetPriority  stm32h7xx_hal_cortex.o
    0x08003358   0x08003358   0x00000024   Code   RO         1181    i.HAL_NVIC_SetPriorityGrouping  stm32h7xx_hal_cortex.o
    0x0800337c   0x0800337c   0x00000054   Code   RO         3001    i.HAL_PWREx_ConfigSupply  stm32h7xx_hal_pwr_ex.o
    0x080033d0   0x080033d0   0x00000024   Code   RO         2043    i.HAL_RCCEx_GetD3PCLK1Freq  stm32h7xx_hal_rcc_ex.o
    0x080033f4   0x080033f4   0x00000144   Code   RO         2045    i.HAL_RCCEx_GetPLL2ClockFreq  stm32h7xx_hal_rcc_ex.o
    0x08003538   0x08003538   0x00000144   Code   RO         2046    i.HAL_RCCEx_GetPLL3ClockFreq  stm32h7xx_hal_rcc_ex.o
    0x0800367c   0x0800367c   0x000008d2   Code   RO         2052    i.HAL_RCCEx_PeriphCLKConfig  stm32h7xx_hal_rcc_ex.o
    0x08003f4e   0x08003f4e   0x00000002   PAD
    0x08003f50   0x08003f50   0x0000025c   Code   RO         1928    i.HAL_RCC_ClockConfig  stm32h7xx_hal_rcc.o
    0x080041ac   0x080041ac   0x00000044   Code   RO         1933    i.HAL_RCC_GetHCLKFreq  stm32h7xx_hal_rcc.o
    0x080041f0   0x080041f0   0x00000024   Code   RO         1935    i.HAL_RCC_GetPCLK1Freq  stm32h7xx_hal_rcc.o
    0x08004214   0x08004214   0x00000024   Code   RO         1936    i.HAL_RCC_GetPCLK2Freq  stm32h7xx_hal_rcc.o
    0x08004238   0x08004238   0x00000138   Code   RO         1937    i.HAL_RCC_GetSysClockFreq  stm32h7xx_hal_rcc.o
    0x08004370   0x08004370   0x00000530   Code   RO         1940    i.HAL_RCC_OscConfig  stm32h7xx_hal_rcc.o
    0x080048a0   0x080048a0   0x00000158   Code   RO         4195    i.HAL_SPI_Init      stm32h7xx_hal_spi.o
    0x080049f8   0x080049f8   0x00000080   Code   RO          763    i.HAL_SPI_MspInit   spi.o
    0x08004a78   0x08004a78   0x00000026   Code   RO         1185    i.HAL_SYSTICK_Config  stm32h7xx_hal_cortex.o
    0x08004a9e   0x08004a9e   0x00000002   Code   RO         5223    i.HAL_TIMEx_Break2Callback  stm32h7xx_hal_tim_ex.o
    0x08004aa0   0x08004aa0   0x00000002   Code   RO         5224    i.HAL_TIMEx_BreakCallback  stm32h7xx_hal_tim_ex.o
    0x08004aa2   0x08004aa2   0x00000002   Code   RO         5225    i.HAL_TIMEx_CommutCallback  stm32h7xx_hal_tim_ex.o
    0x08004aa4   0x08004aa4   0x000000a4   Code   RO         5245    i.HAL_TIMEx_MasterConfigSynchronization  stm32h7xx_hal_tim_ex.o
    0x08004b48   0x08004b48   0x00000062   Code   RO         4509    i.HAL_TIM_Base_Init  stm32h7xx_hal_tim.o
    0x08004baa   0x08004baa   0x00000002   PAD
    0x08004bac   0x08004bac   0x00000054   Code   RO          805    i.HAL_TIM_Base_MspInit  tim.o
    0x08004c00   0x08004c00   0x0000008c   Code   RO         4514    i.HAL_TIM_Base_Start_IT  stm32h7xx_hal_tim.o
    0x08004c8c   0x08004c8c   0x000000fc   Code   RO         4518    i.HAL_TIM_ConfigClockSource  stm32h7xx_hal_tim.o
    0x08004d88   0x08004d88   0x00000002   Code   RO         4543    i.HAL_TIM_IC_CaptureCallback  stm32h7xx_hal_tim.o
    0x08004d8a   0x08004d8a   0x00000182   Code   RO         4557    i.HAL_TIM_IRQHandler  stm32h7xx_hal_tim.o
    0x08004f0c   0x08004f0c   0x00000050   Code   RO          806    i.HAL_TIM_MspPostInit  tim.o
    0x08004f5c   0x08004f5c   0x00000002   Code   RO         4560    i.HAL_TIM_OC_DelayElapsedCallback  stm32h7xx_hal_tim.o
    0x08004f5e   0x08004f5e   0x00000124   Code   RO         4581    i.HAL_TIM_PWM_ConfigChannel  stm32h7xx_hal_tim.o
    0x08005082   0x08005082   0x00000062   Code   RO         4584    i.HAL_TIM_PWM_Init  stm32h7xx_hal_tim.o
    0x080050e4   0x080050e4   0x00000028   Code   RO          808    i.HAL_TIM_PWM_MspInit  tim.o
    0x0800510c   0x0800510c   0x00000002   Code   RO         4587    i.HAL_TIM_PWM_PulseFinishedCallback  stm32h7xx_hal_tim.o
    0x0800510e   0x0800510e   0x00000002   PAD
    0x08005110   0x08005110   0x00000018   Code   RO          276    i.HAL_TIM_PeriodElapsedCallback  driver_timer.o
    0x08005128   0x08005128   0x00000002   Code   RO         4600    i.HAL_TIM_TriggerCallback  stm32h7xx_hal_tim.o
    0x0800512a   0x0800512a   0x00000040   Code   RO         5934    i.HAL_UARTEx_DisableFifoMode  stm32h7xx_hal_uart_ex.o
    0x0800516a   0x0800516a   0x00000002   Code   RO         5523    i.HAL_UARTEx_RxEventCallback  stm32h7xx_hal_uart.o
    0x0800516c   0x0800516c   0x00000002   Code   RO         5941    i.HAL_UARTEx_RxFifoFullCallback  stm32h7xx_hal_uart_ex.o
    0x0800516e   0x0800516e   0x0000004c   Code   RO         5942    i.HAL_UARTEx_SetRxFifoThreshold  stm32h7xx_hal_uart_ex.o
    0x080051ba   0x080051ba   0x0000004c   Code   RO         5943    i.HAL_UARTEx_SetTxFifoThreshold  stm32h7xx_hal_uart_ex.o
    0x08005206   0x08005206   0x00000002   Code   RO         5945    i.HAL_UARTEx_TxFifoEmptyCallback  stm32h7xx_hal_uart_ex.o
    0x08005208   0x08005208   0x00000002   Code   RO         5946    i.HAL_UARTEx_WakeupCallback  stm32h7xx_hal_uart_ex.o
    0x0800520a   0x0800520a   0x00000086   Code   RO         5534    i.HAL_UART_DMAResume  stm32h7xx_hal_uart.o
    0x08005290   0x08005290   0x0000008e   Code   RO         5535    i.HAL_UART_DMAStop  stm32h7xx_hal_uart.o
    0x0800531e   0x0800531e   0x00000002   Code   RO         5539    i.HAL_UART_ErrorCallback  stm32h7xx_hal_uart.o
    0x08005320   0x08005320   0x00000360   Code   RO         5542    i.HAL_UART_IRQHandler  stm32h7xx_hal_uart.o
    0x08005680   0x08005680   0x0000006a   Code   RO         5543    i.HAL_UART_Init     stm32h7xx_hal_uart.o
    0x080056ea   0x080056ea   0x00000002   PAD
    0x080056ec   0x080056ec   0x00000528   Code   RO          877    i.HAL_UART_MspInit  usart.o
    0x08005c14   0x08005c14   0x00000054   Code   RO         5547    i.HAL_UART_Receive_DMA  stm32h7xx_hal_uart.o
    0x08005c68   0x08005c68   0x00000002   Code   RO         5550    i.HAL_UART_RxCpltCallback  stm32h7xx_hal_uart.o
    0x08005c6a   0x08005c6a   0x00000002   Code   RO         5551    i.HAL_UART_RxHalfCpltCallback  stm32h7xx_hal_uart.o
    0x08005c6c   0x08005c6c   0x00000002   Code   RO         5555    i.HAL_UART_TxCpltCallback  stm32h7xx_hal_uart.o
    0x08005c6e   0x08005c6e   0x00000002   Code   RO          963    i.HardFault_Handler  stm32h7xx_it.o
    0x08005c70   0x08005c70   0x00000084   Code   RO          376    i.HardwareConfig    hardware_config.o
    0x08005cf4   0x08005cf4   0x000000dc   Code   RO          611    i.MX_DMA_Init       dma.o
    0x08005dd0   0x08005dd0   0x00000068   Code   RO          637    i.MX_FDCAN1_Init    fdcan.o
    0x08005e38   0x08005e38   0x0000006c   Code   RO          638    i.MX_FDCAN2_Init    fdcan.o
    0x08005ea4   0x08005ea4   0x00000130   Code   RO          587    i.MX_GPIO_Init      gpio.o
    0x08005fd4   0x08005fd4   0x00000058   Code   RO          686    i.MX_I2C2_Init      i2c.o
    0x0800602c   0x0800602c   0x00000058   Code   RO          687    i.MX_I2C4_Init      i2c.o
    0x08006084   0x08006084   0x0000005c   Code   RO          764    i.MX_SPI1_Init      spi.o
    0x080060e0   0x080060e0   0x00000034   Code   RO          809    i.MX_TIM14_Init     tim.o
    0x08006114   0x08006114   0x00000074   Code   RO          810    i.MX_TIM3_Init      tim.o
    0x08006188   0x08006188   0x00000068   Code   RO          811    i.MX_TIM4_Init      tim.o
    0x080061f0   0x080061f0   0x00000068   Code   RO          878    i.MX_UART4_Init     usart.o
    0x08006258   0x08006258   0x00000068   Code   RO          879    i.MX_UART5_Init     usart.o
    0x080062c0   0x080062c0   0x0000006c   Code   RO          880    i.MX_USART1_UART_Init  usart.o
    0x0800632c   0x0800632c   0x00000068   Code   RO          881    i.MX_USART2_UART_Init  usart.o
    0x08006394   0x08006394   0x00000068   Code   RO          882    i.MX_USART3_UART_Init  usart.o
    0x080063fc   0x080063fc   0x00000068   Code   RO          883    i.MX_USART6_UART_Init  usart.o
    0x08006464   0x08006464   0x00000002   Code   RO          964    i.MemManage_Handler  stm32h7xx_it.o
    0x08006466   0x08006466   0x00000002   PAD
    0x08006468   0x08006468   0x00000074   Code   RO          455    i.MotorCanOutput    motor.o
    0x080064dc   0x080064dc   0x0000006c   Code   RO          456    i.MotorFillData     motor.o
    0x08006548   0x08006548   0x00000084   Code   RO          457    i.MotorInit         motor.o
    0x080065cc   0x080065cc   0x00000170   Code   RO          459    i.MotorRxCallback   motor.o
    0x0800673c   0x0800673c   0x00000002   Code   RO          965    i.NMI_Handler       stm32h7xx_it.o
    0x0800673e   0x0800673e   0x00000002   Code   RO          966    i.PendSV_Handler    stm32h7xx_it.o
    0x08006740   0x08006740   0x00000120   Code   RO         2055    i.RCCEx_PLL2_Config  stm32h7xx_hal_rcc_ex.o
    0x08006860   0x08006860   0x00000120   Code   RO         2056    i.RCCEx_PLL3_Config  stm32h7xx_hal_rcc_ex.o
    0x08006980   0x08006980   0x00000002   Code   RO          967    i.SVC_Handler       stm32h7xx_it.o
    0x08006982   0x08006982   0x00000004   Code   RO          968    i.SysTick_Handler   stm32h7xx_it.o
    0x08006986   0x08006986   0x00000002   PAD
    0x08006988   0x08006988   0x000000ac   Code   RO          534    i.SystemClock_Config  main.o
    0x08006a34   0x08006a34   0x000000dc   Code   RO         6047    i.SystemInit        system_stm32h7xx.o
    0x08006b10   0x08006b10   0x00000058   Code   RO          324    i.TIM14_Task        control_logic.o
    0x08006b68   0x08006b68   0x0000000c   Code   RO          969    i.TIM8_TRG_COM_TIM14_IRQHandler  stm32h7xx_it.o
    0x08006b74   0x08006b74   0x000000c4   Code   RO         4602    i.TIM_Base_SetConfig  stm32h7xx_hal_tim.o
    0x08006c38   0x08006c38   0x00000012   Code   RO         4613    i.TIM_ETR_SetConfig  stm32h7xx_hal_tim.o
    0x08006c4a   0x08006c4a   0x00000002   PAD
    0x08006c4c   0x08006c4c   0x00000014   Code   RO         4614    i.TIM_ITRx_SetConfig  stm32h7xx_hal_tim.o
    0x08006c60   0x08006c60   0x000000a8   Code   RO         4615    i.TIM_OC1_SetConfig  stm32h7xx_hal_tim.o
    0x08006d08   0x08006d08   0x00000098   Code   RO         4616    i.TIM_OC2_SetConfig  stm32h7xx_hal_tim.o
    0x08006da0   0x08006da0   0x00000098   Code   RO         4617    i.TIM_OC3_SetConfig  stm32h7xx_hal_tim.o
    0x08006e38   0x08006e38   0x00000078   Code   RO         4618    i.TIM_OC4_SetConfig  stm32h7xx_hal_tim.o
    0x08006eb0   0x08006eb0   0x00000074   Code   RO         4619    i.TIM_OC5_SetConfig  stm32h7xx_hal_tim.o
    0x08006f24   0x08006f24   0x00000074   Code   RO         4620    i.TIM_OC6_SetConfig  stm32h7xx_hal_tim.o
    0x08006f98   0x08006f98   0x00000006   Code   RO          277    i.TIM_Open          driver_timer.o
    0x08006f9e   0x08006f9e   0x00000022   Code   RO         4622    i.TIM_TI1_ConfigInputStage  stm32h7xx_hal_tim.o
    0x08006fc0   0x08006fc0   0x00000024   Code   RO         4624    i.TIM_TI2_ConfigInputStage  stm32h7xx_hal_tim.o
    0x08006fe4   0x08006fe4   0x00000018   Code   RO          278    i.TIMx_Init         driver_timer.o
    0x08006ffc   0x08006ffc   0x0000000c   Code   RO          970    i.UART4_IRQHandler  stm32h7xx_it.o
    0x08007008   0x08007008   0x0000000c   Code   RO          971    i.UART5_IRQHandler  stm32h7xx_it.o
    0x08007014   0x08007014   0x00000044   Code   RO         5947    i.UARTEx_SetNbDataToProcess  stm32h7xx_hal_uart_ex.o
    0x08007058   0x08007058   0x000000c8   Code   RO         5557    i.UART_AdvFeatureConfig  stm32h7xx_hal_uart.o
    0x08007120   0x08007120   0x00000060   Code   RO         5558    i.UART_CheckIdleState  stm32h7xx_hal_uart.o
    0x08007180   0x08007180   0x00000014   Code   RO         5559    i.UART_DMAAbortOnError  stm32h7xx_hal_uart.o
    0x08007194   0x08007194   0x0000004e   Code   RO         5560    i.UART_DMAError     stm32h7xx_hal_uart.o
    0x080071e2   0x080071e2   0x00000080   Code   RO         5561    i.UART_DMAReceiveCplt  stm32h7xx_hal_uart.o
    0x08007262   0x08007262   0x0000001c   Code   RO         5563    i.UART_DMARxHalfCplt  stm32h7xx_hal_uart.o
    0x0800727e   0x0800727e   0x0000000e   Code   RO          195    i.UART_ENABLE_IT    driver_usart.o
    0x0800728c   0x0800728c   0x00000054   Code   RO         5569    i.UART_EndRxTransfer  stm32h7xx_hal_uart.o
    0x080072e0   0x080072e0   0x0000002e   Code   RO         5570    i.UART_EndTxTransfer  stm32h7xx_hal_uart.o
    0x0800730e   0x0800730e   0x00000054   Code   RO          196    i.UART_Idle_Handler  driver_usart.o
    0x08007362   0x08007362   0x0000000a   Code   RO          197    i.UART_Receive_DMA  driver_usart.o
    0x0800736c   0x0800736c   0x000003ac   Code   RO         5575    i.UART_SetConfig    stm32h7xx_hal_uart.o
    0x08007718   0x08007718   0x000000a8   Code   RO         5576    i.UART_Start_Receive_DMA  stm32h7xx_hal_uart.o
    0x080077c0   0x080077c0   0x000000ca   Code   RO         5582    i.UART_WaitOnFlagUntilTimeout  stm32h7xx_hal_uart.o
    0x0800788a   0x0800788a   0x00000002   PAD
    0x0800788c   0x0800788c   0x0000007c   Code   RO          199    i.UARTx_Init        driver_usart.o
    0x08007908   0x08007908   0x00000020   Code   RO          972    i.USART1_IRQHandler  stm32h7xx_it.o
    0x08007928   0x08007928   0x0000000c   Code   RO          973    i.USART2_IRQHandler  stm32h7xx_it.o
    0x08007934   0x08007934   0x0000000c   Code   RO          974    i.USART3_IRQHandler  stm32h7xx_it.o
    0x08007940   0x08007940   0x0000000c   Code   RO          975    i.USART6_IRQHandler  stm32h7xx_it.o
    0x0800794c   0x0800794c   0x00000002   Code   RO          976    i.UsageFault_Handler  stm32h7xx_it.o
    0x0800794e   0x0800794e   0x00000022   Code   RO         1187    i.__NVIC_SetPriority  stm32h7xx_hal_cortex.o
    0x08007970   0x08007970   0x0000004e   Code   RO          535    i.main              main.o
    0x080079be   0x080079be   0x0000000a   Code   RO         6199    x$fpl$fpinit        fz_wv.l(fpinit.o)
    0x080079c8   0x080079c8   0x0000005c   Data   RO         1409    .constdata          stm32h7xx_hal_fdcan.o
    0x08007a24   0x08007a24   0x00000008   Data   RO         2564    .constdata          stm32h7xx_hal_dma.o
    0x08007a2c   0x08007a2c   0x00000018   Data   RO         5583    .constdata          stm32h7xx_hal_uart.o
    0x08007a44   0x08007a44   0x00000010   Data   RO         5948    .constdata          stm32h7xx_hal_uart_ex.o
    0x08007a54   0x08007a54   0x00000010   Data   RO         6048    .constdata          system_stm32h7xx.o
    0x08007a64   0x08007a64   0x00000020   Data   RO         6257    Region$$Table       anon$$obj.o


    Execution Region RW_IRAM1 (Exec base: 0x20000000, Load base: 0x08007a84, Size: 0x00000000, Max: 0x00020000, ABSOLUTE)

    **** No section assigned to this execution region ****


    Execution Region RW_IRAM2 (Exec base: 0x24000000, Load base: 0x08007a84, Size: 0x00006014, Max: 0x00080000, ABSOLUTE)

    Exec Addr    Load Addr    Size         Type   Attr      Idx    E Section Name        Object

    0x24000000   0x08007a84   0x00000020   Data   RW           17    .data               driver_can.o
    0x24000020   0x08007aa4   0x00000030   Data   RW          201    .data               driver_usart.o
    0x24000050   0x08007ad4   0x00000004   Data   RW          325    .data               control_logic.o
    0x24000054   0x08007ad8   0x00000008   Data   RW          411    .data               dr16.o
    0x2400005c   0x08007ae0   0x00000058   Data   RW          460    .data               motor.o
    0x240000b4   0x08007b38   0x00000004   Data   RW          640    .data               fdcan.o
    0x240000b8   0x08007b3c   0x0000000c   Data   RW         3302    .data               stm32h7xx_hal.o
    0x240000c4   0x08007b48   0x00000008   Data   RW         6049    .data               system_stm32h7xx.o
    0x240000cc        -       0x00000014   Zero   RW          279    .bss                driver_timer.o
    0x240000e0        -       0x000000ec   Zero   RW          377    .bss                hardware_config.o
    0x240001cc        -       0x000000a4   Zero   RW          410    .bss                dr16.o
    0x24000270        -       0x00000140   Zero   RW          639    .bss                fdcan.o
    0x240003b0        -       0x00000098   Zero   RW          688    .bss                i2c.o
    0x24000448        -       0x00000088   Zero   RW          765    .bss                spi.o
    0x240004d0        -       0x000000e4   Zero   RW          812    .bss                tim.o
    0x240005b4        -       0x00000888   Zero   RW          884    .bss                usart.o
    0x24000e3c        -       0x00000060   Zero   RW         6129    .bss                c_w.l(libspace.o)
    0x24000e9c   0x08007b50   0x00000004   PAD
    0x24000ea0        -       0x00000200   Zero   RW            2    HEAP                startup_stm32h750xx.o
    0x240010a0        -       0x00000400   Zero   RW            1    STACK               startup_stm32h750xx.o
    0x240014a0   0x08007b50   0x00004b60   PAD
    0x24006000        -       0x00000012   Zero   RW          409    .ARM.__AT_0x24006000  dr16.o


==============================================================================

Image component sizes


      Code (inc. data)   RO Data    RW Data    ZI Data      Debug   Object Name

       120         24          0          4          0       2068   control_logic.o
       220          4          0          0          0        958   dma.o
       408          8          0          8        182       4780   dr16.o
       240         26          0         32          0    1360258   driver_can.o
        54         18          0          0         20       2739   driver_timer.o
       232         28          0         48          0       6307   driver_usart.o
       496         42          0          4        320       2660   fdcan.o
       304         26          0          0          0       1139   gpio.o
       132         50          0          0        236        721   hardware_config.o
       396         44          0          0        152       2474   i2c.o
       254          8          0          0          0       2188   main.o
      1040         86          0         88          0      11870   motor.o
       220         22          0          0        136       1797   spi.o
        64         26        664          0       1536        828   startup_stm32h750xx.o
       196         40          0         12          0      22680   stm32h7xx_hal.o
       198         12          0          0          0      39539   stm32h7xx_hal_cortex.o
      5992        246          8          0          0      12353   stm32h7xx_hal_dma.o
      2806         50         92          0          0      21013   stm32h7xx_hal_fdcan.o
       566         50          0          0          0       2272   stm32h7xx_hal_gpio.o
       184          4          0          0          0       3039   stm32h7xx_hal_i2c.o
       172          0          0          0          0       2051   stm32h7xx_hal_i2c_ex.o
        32          4          0          0          0        890   stm32h7xx_hal_msp.o
        84          6          0          0          0        777   stm32h7xx_hal_pwr_ex.o
      2384        108          0          0          0       7052   stm32h7xx_hal_rcc.o
      3518        112          0          0          0       7793   stm32h7xx_hal_rcc_ex.o
       344         14          0          0          0       1667   stm32h7xx_hal_spi.o
      2402        236          0          0          0      16364   stm32h7xx_hal_tim.o
       170         30          0          0          0       3140   stm32h7xx_hal_tim_ex.o
      3330        156         24          0          0      36696   stm32h7xx_hal_uart.o
       290          6         16          0          0       5402   stm32h7xx_hal_uart_ex.o
       280        126          0          0          0      13086   stm32h7xx_it.o
       220         40         16          8          0       1442   system_stm32h7xx.o
       476         60          0          0        228       4126   tim.o
      1948        140          0          0       2184       6672   usart.o

    ----------------------------------------------------------------------
     29804       1852        852        204      24292    1608841   Object Totals
         0          0         32          0          0          0   (incl. Generated)
        32          0          0          0      19298          0   (incl. Padding)

    ----------------------------------------------------------------------

      Code (inc. data)   RO Data    RW Data    ZI Data      Debug   Library Member Name

         8          0          0          0          0         68   __main.o
         0          0          0          0          0          0   __rtentry.o
        12          0          0          0          0          0   __rtentry2.o
         6          0          0          0          0          0   __rtentry4.o
        52          8          0          0          0          0   __scatter.o
        26          0          0          0          0          0   __scatter_copy.o
        28          0          0          0          0          0   __scatter_zi.o
        18          0          0          0          0         80   exit.o
         6          0          0          0          0        152   heapauxi.o
         0          0          0          0          0          0   indicate_semi.o
         2          0          0          0          0          0   libinit.o
         6          0          0          0          0          0   libinit2.o
         2          0          0          0          0          0   libshutdown.o
         2          0          0          0          0          0   libshutdown2.o
         8          4          0          0         96         68   libspace.o
       238          0          0          0          0        100   lludivv7m.o
        78          0          0          0          0         80   rt_memclr_w.o
       100          0          0          0          0         80   rt_memcpy_w.o
         2          0          0          0          0          0   rtexit.o
        10          0          0          0          0          0   rtexit2.o
        12          4          0          0          0         68   sys_exit.o
        74          0          0          0          0         80   sys_stackheap_outer.o
         2          0          0          0          0         68   use_no_semi.o
        10          0          0          0          0        116   fpinit.o

    ----------------------------------------------------------------------
       708         16          0          0        100        960   Library Totals
         6          0          0          0          4          0   (incl. Padding)

    ----------------------------------------------------------------------

      Code (inc. data)   RO Data    RW Data    ZI Data      Debug   Library Name

       692         16          0          0         96        844   c_w.l
        10          0          0          0          0        116   fz_wv.l

    ----------------------------------------------------------------------
       708         16          0          0        100        960   Library Totals

    ----------------------------------------------------------------------

==============================================================================


      Code (inc. data)   RO Data    RW Data    ZI Data      Debug   

     30512       1868        852        204      24392    1590589   Grand Totals
     30512       1868        852        204      24392    1590589   ELF Image Totals
     30512       1868        852        204          0          0   ROM Totals

==============================================================================

    Total RO  Size (Code + RO Data)                31364 (  30.63kB)
    Total RW  Size (RW Data + ZI Data)             24596 (  24.02kB)
    Total ROM Size (Code + RO Data + RW Data)      31568 (  30.83kB)

==============================================================================

